Archive member included to satisfy reference by file (symbol)

app/libapp.a(main.c.obj)      (--whole-archive)
app/libapp.a(sensor_node.c.obj)
                              (--whole-archive)
zephyr/libzephyr.a(heap.c.obj)
                              (--whole-archive)
zephyr/libzephyr.a(cbprintf_packaged.c.obj)
                              (--whole-archive)
zephyr/libzephyr.a(printk.c.obj)
                              (--whole-archive)
zephyr/libzephyr.a(sem.c.obj)
                              (--whole-archive)
zephyr/libzephyr.a(thread_entry.c.obj)
                              (--whole-archive)
zephyr/libzephyr.a(cbprintf_complete.c.obj)
                              (--whole-archive)
zephyr/libzephyr.a(assert.c.obj)
                              (--whole-archive)
zephyr/libzephyr.a(dec.c.obj)
                              (--whole-archive)
zephyr/libzephyr.a(hex.c.obj)
                              (--whole-archive)
zephyr/libzephyr.a(rb.c.obj)  (--whole-archive)
zephyr/libzephyr.a(timeutil.c.obj)
                              (--whole-archive)
zephyr/libzephyr.a(bitarray.c.obj)
                              (--whole-archive)
zephyr/libzephyr.a(ring_buffer.c.obj)
                              (--whole-archive)
zephyr/libzephyr.a(configs.c.obj)
                              (--whole-archive)
zephyr/libzephyr.a(soc.c.obj)
                              (--whole-archive)
zephyr/libzephyr.a(log_core.c.obj)
                              (--whole-archive)
zephyr/libzephyr.a(log_mgmt.c.obj)
                              (--whole-archive)
zephyr/libzephyr.a(log_cache.c.obj)
                              (--whole-archive)
zephyr/libzephyr.a(log_msg.c.obj)
                              (--whole-archive)
zephyr/libzephyr.a(log_output.c.obj)
                              (--whole-archive)
zephyr/libzephyr.a(log_backend_uart.c.obj)
                              (--whole-archive)
zephyr/libzephyr.a(tracing_none.c.obj)
                              (--whole-archive)
zephyr/libzephyr.a(usb_device.c.obj)
                              (--whole-archive)
zephyr/libzephyr.a(usb_descriptor.c.obj)
                              (--whole-archive)
zephyr/libzephyr.a(usb_transfer.c.obj)
                              (--whole-archive)
zephyr/libzephyr.a(cdc_acm.c.obj)
                              (--whole-archive)
zephyr/libzephyr.a(usb_work_q.c.obj)
                              (--whole-archive)
zephyr/arch/common/libarch__common.a(sw_isr_common.c.obj)
                              (--whole-archive)
zephyr/arch/arch/arm/core/libarch__arm__core.a(fatal.c.obj)
                              (--whole-archive)
zephyr/arch/arch/arm/core/libarch__arm__core.a(nmi.c.obj)
                              (--whole-archive)
zephyr/arch/arch/arm/core/libarch__arm__core.a(nmi_on_reset.S.obj)
                              (--whole-archive)
zephyr/arch/arch/arm/core/libarch__arm__core.a(tls.c.obj)
                              (--whole-archive)
zephyr/arch/arch/arm/core/cortex_m/libarch__arm__core__cortex_m.a(exc_exit.c.obj)
                              (--whole-archive)
zephyr/arch/arch/arm/core/cortex_m/libarch__arm__core__cortex_m.a(fault.c.obj)
                              (--whole-archive)
zephyr/arch/arch/arm/core/cortex_m/libarch__arm__core__cortex_m.a(fault_s.S.obj)
                              (--whole-archive)
zephyr/arch/arch/arm/core/cortex_m/libarch__arm__core__cortex_m.a(fpu.c.obj)
                              (--whole-archive)
zephyr/arch/arch/arm/core/cortex_m/libarch__arm__core__cortex_m.a(reset.S.obj)
                              (--whole-archive)
zephyr/arch/arch/arm/core/cortex_m/libarch__arm__core__cortex_m.a(scb.c.obj)
                              (--whole-archive)
zephyr/arch/arch/arm/core/cortex_m/libarch__arm__core__cortex_m.a(thread_abort.c.obj)
                              (--whole-archive)
zephyr/arch/arch/arm/core/cortex_m/libarch__arm__core__cortex_m.a(vector_table.S.obj)
                              (--whole-archive)
zephyr/arch/arch/arm/core/cortex_m/libarch__arm__core__cortex_m.a(swap_helper.S.obj)
                              (--whole-archive)
zephyr/arch/arch/arm/core/cortex_m/libarch__arm__core__cortex_m.a(irq_manage.c.obj)
                              (--whole-archive)
zephyr/arch/arch/arm/core/cortex_m/libarch__arm__core__cortex_m.a(prep_c.c.obj)
                              (--whole-archive)
zephyr/arch/arch/arm/core/cortex_m/libarch__arm__core__cortex_m.a(thread.c.obj)
                              (--whole-archive)
zephyr/arch/arch/arm/core/cortex_m/libarch__arm__core__cortex_m.a(cpu_idle.c.obj)
                              (--whole-archive)
zephyr/arch/arch/arm/core/cortex_m/libarch__arm__core__cortex_m.a(irq_init.c.obj)
                              (--whole-archive)
zephyr/arch/arch/arm/core/cortex_m/libarch__arm__core__cortex_m.a(isr_wrapper.c.obj)
                              (--whole-archive)
zephyr/arch/arch/arm/core/cortex_m/libarch__arm__core__cortex_m.a(__aeabi_read_tp.S.obj)
[...]
Memory Configuration

Name             Origin             Length             Attributes
BOOT_FLASH       0x0000000010000000 0x0000000000000100 r
FLASH            0x0000000010000100 0x00000000001fff00 xr
RAM              0x0000000020000000 0x0000000000042000 xw
IDT_LIST         0x00000000ffff7fff 0x0000000000008000 xw
*default*        0x0000000000000000 0xffffffffffffffff

Linker script and memory map

                0x00000000100080d0                vfprintf = __l_vfprintf
                0x0000000000000000                vfscanf = __l_vfscanf
LOAD zephyr/CMakeFiles/zephyr_final.dir/misc/empty_file.c.obj
LOAD zephyr/CMakeFiles/zephyr_final.dir/isr_tables.c.obj
LOAD zephyr/CMakeFiles/offsets.dir/./arch/arm/core/offsets/offsets.c.obj
LOAD app/libapp.a
LOAD zephyr/libzephyr.a
LOAD zephyr/arch/common/libarch__common.a
LOAD zephyr/arch/arch/arm/core/libarch__arm__core.a
LOAD zephyr/arch/arch/arm/core/cortex_m/libarch__arm__core__cortex_m.a
LOAD zephyr/lib/libc/picolibc/liblib__libc__picolibc.a
LOAD zephyr/lib/libc/common/liblib__libc__common.a
LOAD zephyr/drivers/usb/device/libdrivers__usb__device.a
LOAD zephyr/drivers/clock_control/libdrivers__clock_control.a
LOAD zephyr/drivers/console/libdrivers__console.a
LOAD zephyr/drivers/gpio/libdrivers__gpio.a
LOAD zephyr/drivers/hwinfo/libdrivers__hwinfo.a
LOAD zephyr/drivers/pinctrl/libdrivers__pinctrl.a
LOAD zephyr/drivers/reset/libdrivers__reset.a
LOAD zephyr/drivers/serial/libdrivers__serial.a
LOAD zephyr/drivers/timer/libdrivers__timer.a
LOAD modules/hal_rpi_pico/libmodules__hal_rpi_pico.a
LOAD zephyr/kernel/libkernel.a
LOAD zephyr/arch/common/libisr_tables.a
LOAD /home/reva/zephyr-sdk-0.17.0/arm-zephyr-eabi/bin/../lib/gcc/../../picolibc/arm-zephyr-eabi/lib/thumb/v6-m/nofp/libc.a
LOAD /home/reva/zephyr-sdk-0.17.0/arm-zephyr-eabi/bin/../lib/gcc/arm-zephyr-eabi/12.2.0/thumb/v6-m/nofp/libgcc.a

.boot2          0x0000000010000000      0x100
 *(SORT_BY_ALIGNMENT(.boot2))
 .boot2         0x0000000010000000      0x100 modules/hal_rpi_pico/libmodules__hal_rpi_pico.a(boot_stage2.S.obj)
                0x0000000000000004                _region_min_align = 0x4

.rel.plt        0x0000000010000100        0x0
 *(SORT_BY_ALIGNMENT(.rel.plt))
                [!provide]                        PROVIDE (__rel_iplt_start = .)
 *(SORT_BY_ALIGNMENT(.rel.iplt))
 .rel.iplt      0x0000000010000100        0x0 zephyr/CMakeFiles/zephyr_final.dir/isr_tables.c.obj
                [!provide]                        PROVIDE (__rel_iplt_end = .)

.rela.plt       0x0000000010000100        0x0
 *(SORT_BY_ALIGNMENT(.rela.plt))
                [!provide]                        PROVIDE (__rela_iplt_start = .)
 *(SORT_BY_ALIGNMENT(.rela.iplt))
                [!provide]                        PROVIDE (__rela_iplt_end = .)

.rel.dyn
 *(SORT_BY_ALIGNMENT(.rel.*))

.rela.dyn
 *(SORT_BY_ALIGNMENT(.rela.*))

/DISCARD/
 *(SORT_BY_ALIGNMENT(.plt))

/DISCARD/
 *(SORT_BY_ALIGNMENT(.iplt))
                0x0000000010000100                __rom_region_start = 0x10000100

rom_start       0x0000000010000100       0xa8
                0x0000000010000100                __rom_start_address = .
 FILL mask 0x00
                0x0000000010000100                . = (. + (0x0 - (. - __rom_start_address)))
                0x0000000010000100                . = ALIGN (0x4)
                0x0000000010000100                . = ALIGN (0x100)
                0x0000000010000100                . = ALIGN (0x100)
                0x0000000010000100                _vector_start = .
 *(SORT_BY_ALIGNMENT(.exc_vector_table))
 *(SORT_BY_ALIGNMENT(.exc_vector_table.*))
 .exc_vector_table._vector_table_section
                0x0000000010000100       0x40 zephyr/arch/arch/arm/core/cortex_m/libarch__arm__core__cortex_m.a(vector_table.S.obj)
                0x0000000010000100                _vector_table
 *(SORT_BY_ALIGNMENT(.vectors))
                0x00000000100001a8                _vector_end = .
                0x0000000010000140                . = ALIGN (0x4)
 *(SORT_BY_ALIGNMENT(.gnu.linkonce.irq_vector_table*))
 .gnu.linkonce.irq_vector_table
                0x0000000010000140       0x68 zephyr/CMakeFiles/zephyr_final.dir/isr_tables.c.obj
                0x0000000010000140                _irq_vector_table
                0x00000000100001a8                _vector_end = .

text            0x00000000100001a8     0x9b18
                0x00000000100001a8                __text_region_start = .
 *(SORT_BY_ALIGNMENT(.text))
 .text          0x00000000100001a8       0x14 /home/reva/zephyr-sdk-0.17.0/arm-zephyr-eabi/bin/../lib/gcc/arm-zephyr-eabi/12.2.0/thumb/v6-m/nofp/libgcc.a(_thumb1_case_sqi.o)
                0x00000000100001a8                __gnu_thumb1_case_sqi
 .text          0x00000000100001bc       0x14 /home/reva/zephyr-sdk-0.17.0/arm-zephyr-eabi/bin/../lib/gcc/arm-zephyr-eabi/12.2.0/thumb/v6-m/nofp/libgcc.a(_thumb1_case_uqi.o)
                0x00000000100001bc                __gnu_thumb1_case_uqi
 .text          0x00000000100001d0       0x14 /home/reva/zephyr-sdk-0.17.0/arm-zephyr-eabi/bin/../lib/gcc/arm-zephyr-eabi/12.2.0/thumb/v6-m/nofp/libgcc.a(_thumb1_case_uhi.o)
                0x00000000100001d0                __gnu_thumb1_case_uhi
 .text          0x00000000100001e4       0x8c /home/reva/zephyr-sdk-0.17.0/arm-zephyr-eabi/bin/../lib/gcc/arm-zephyr-eabi/12.2.0/thumb/v6-m/nofp/libgcc.a(_udivsi3.o)
                0x00000000100001e4                __udivsi3
                0x00000000100001e4                __aeabi_uidiv
                0x000000001000025c                __aeabi_uidivmod
 .text          0x0000000010000270       0xa8 /home/reva/zephyr-sdk-0.17.0/arm-zephyr-eabi/bin/../lib/gcc/arm-zephyr-eabi/12.2.0/thumb/v6-m/nofp/libgcc.a(_divsi3.o)
                0x0000000010000270                __aeabi_idiv
                0x0000000010000270                __divsi3
                0x0000000010000304                __aeabi_idivmod
 .text          0x0000000010000318        0x4 /home/reva/zephyr-sdk-0.17.0/arm-zephyr-eabi/bin/../lib/gcc/arm-zephyr-eabi/12.2.0/thumb/v6-m/nofp/libgcc.a(_dvmd_tls.o)
                0x0000000010000318                __aeabi_ldiv0
                0x0000000010000318                __aeabi_idiv0
 .text          0x000000001000031c       0x18 /home/reva/zephyr-sdk-0.17.0/arm-zephyr-eabi/bin/../lib/gcc/arm-zephyr-eabi/12.2.0/thumb/v6-m/nofp/libgcc.a(_lshrdi3.o)
                0x000000001000031c                __aeabi_llsr
                0x000000001000031c                __lshrdi3
 .text          0x0000000010000334       0x7c /home/reva/zephyr-sdk-0.17.0/arm-zephyr-eabi/bin/../lib/gcc/arm-zephyr-eabi/12.2.0/thumb/v6-m/nofp/libgcc.a(_arm_cmpdf2.o)
                0x0000000010000334                __aeabi_cdrcmple
                0x0000000010000344                __aeabi_cdcmple
                0x0000000010000344                __aeabi_cdcmpeq
                0x0000000010000354                __aeabi_dcmpeq
                0x0000000010000360                __aeabi_dcmplt
                0x0000000010000374                __aeabi_dcmple
                0x0000000010000388                __aeabi_dcmpgt
                0x000000001000039c                __aeabi_dcmpge
 .text          0x00000000100003b0       0x3c /home/reva/zephyr-sdk-0.17.0/arm-zephyr-eabi/bin/../lib/gcc/arm-zephyr-eabi/12.2.0/thumb/v6-m/nofp/libgcc.a(_clzsi2.o)
                0x00000000100003b0                __clzsi2
 .text          0x00000000100003ec       0x40 /home/reva/zephyr-sdk-0.17.0/arm-zephyr-eabi/bin/../lib/gcc/arm-zephyr-eabi/12.2.0/thumb/v6-m/nofp/libgcc.a(_ctzsi2.o)
                0x00000000100003ec                __ctzsi2
 .text          0x000000001000042c       0x40 /home/reva/zephyr-sdk-0.17.0/arm-zephyr-eabi/bin/../lib/gcc/arm-zephyr-eabi/12.2.0/thumb/v6-m/nofp/libgcc.a(_aeabi_uldivmod.o)
                0x000000001000042c                __aeabi_uldivmod
 .text          0x000000001000046c      0x2e8 /home/reva/zephyr-sdk-0.17.0/arm-zephyr-eabi/bin/../lib/gcc/arm-zephyr-eabi/12.2.0/thumb/v6-m/nofp/libgcc.a(addsf3.o)
                0x000000001000046c                __aeabi_fadd
 .text          0x0000000010000754      0x1c4 /home/reva/zephyr-sdk-0.17.0/arm-zephyr-eabi/bin/../lib/gcc/arm-zephyr-eabi/12.2.0/thumb/v6-m/nofp/libgcc.a(divsf3.o)
                0x0000000010000754                __aeabi_fdiv
 .text          0x0000000010000918      0x1ec /home/reva/zephyr-sdk-0.17.0/arm-zephyr-eabi/bin/../lib/gcc/arm-zephyr-eabi/12.2.0/thumb/v6-m/nofp/libgcc.a(mulsf3.o)
                0x0000000010000918                __aeabi_fmul
 .text          0x0000000010000b04       0x3c /home/reva/zephyr-sdk-0.17.0/arm-zephyr-eabi/bin/../lib/gcc/arm-zephyr-eabi/12.2.0/thumb/v6-m/nofp/libgcc.a(fixsfsi.o)
                0x0000000010000b04                __aeabi_f2iz
 .text          0x0000000010000b40       0x78 /home/reva/zephyr-sdk-0.17.0/arm-zephyr-eabi/bin/../lib/gcc/arm-zephyr-eabi/12.2.0/thumb/v6-m/nofp/libgcc.a(floatunsisf.o)
                0x0000000010000b40                __aeabi_ui2f
 .text          0x0000000010000bb8      0x5e0 /home/reva/zephyr-sdk-0.17.0/arm-zephyr-eabi/bin/../lib/gcc/arm-zephyr-eabi/12.2.0/thumb/v6-m/nofp/libgcc.a(adddf3.o)
                0x0000000010000bb8                __aeabi_dadd
 .text          0x0000000010001198      0x504 /home/reva/zephyr-sdk-0.17.0/arm-zephyr-eabi/bin/../lib/gcc/arm-zephyr-eabi/12.2.0/thumb/v6-m/nofp/libgcc.a(divdf3.o)
                0x0000000010001198                __aeabi_ddiv
 .text          0x000000001000169c       0x84 /home/reva/zephyr-sdk-0.17.0/arm-zephyr-eabi/bin/../lib/gcc/arm-zephyr-eabi/12.2.0/thumb/v6-m/nofp/libgcc.a(eqdf2.o)
                0x000000001000169c                __eqdf2
                0x000000001000169c                __nedf2
 .text          0x0000000010001720       0xec /home/reva/zephyr-sdk-0.17.0/arm-zephyr-eabi/bin/../lib/gcc/arm-zephyr-eabi/12.2.0/thumb/v6-m/nofp/libgcc.a(gedf2.o)
                0x0000000010001720                __gtdf2
                0x0000000010001720                __gedf2
 .text          0x000000001000180c       0xf0 /home/reva/zephyr-sdk-0.17.0/arm-zephyr-eabi/bin/../lib/gcc/arm-zephyr-eabi/12.2.0/thumb/v6-m/nofp/libgcc.a(ledf2.o)
                0x000000001000180c                __ltdf2
                0x000000001000180c                __ledf2
 .text          0x00000000100018fc      0x454 /home/reva/zephyr-sdk-0.17.0/arm-zephyr-eabi/bin/../lib/gcc/arm-zephyr-eabi/12.2.0/thumb/v6-m/nofp/libgcc.a(muldf3.o)
                0x00000000100018fc                __aeabi_dmul
 .text          0x0000000010001d50      0x628 /home/reva/zephyr-sdk-0.17.0/arm-zephyr-eabi/bin/../lib/gcc/arm-zephyr-eabi/12.2.0/thumb/v6-m/nofp/libgcc.a(subdf3.o)
                0x0000000010001d50                __aeabi_dsub
 .text          0x0000000010002378       0x3c /home/reva/zephyr-sdk-0.17.0/arm-zephyr-eabi/bin/../lib/gcc/arm-zephyr-eabi/12.2.0/thumb/v6-m/nofp/libgcc.a(unorddf2.o)
                0x0000000010002378                __aeabi_dcmpun
 .text          0x00000000100023b4       0x64 /home/reva/zephyr-sdk-0.17.0/arm-zephyr-eabi/bin/../lib/gcc/arm-zephyr-eabi/12.2.0/thumb/v6-m/nofp/libgcc.a(fixdfsi.o)
                0x00000000100023b4                __aeabi_d2iz
 .text          0x0000000010002418       0x54 /home/reva/zephyr-sdk-0.17.0/arm-zephyr-eabi/bin/../lib/gcc/arm-zephyr-eabi/12.2.0/thumb/v6-m/nofp/libgcc.a(floatsidf.o)
                0x0000000010002418                __aeabi_i2d
 .text          0x000000001000246c       0x84 /home/reva/zephyr-sdk-0.17.0/arm-zephyr-eabi/bin/../lib/gcc/arm-zephyr-eabi/12.2.0/thumb/v6-m/nofp/libgcc.a(extendsfdf2.o)
                0x000000001000246c                __aeabi_f2d
 .text          0x00000000100024f0       0x18 /home/reva/zephyr-sdk-0.17.0/arm-zephyr-eabi/bin/../lib/gcc/arm-zephyr-eabi/12.2.0/thumb/v6-m/nofp/libgcc.a(_ashldi3.o)
                0x00000000100024f0                __ashldi3
                0x00000000100024f0                __aeabi_llsl
 .text          0x0000000010002508       0x18 /home/reva/zephyr-sdk-0.17.0/arm-zephyr-eabi/bin/../lib/gcc/arm-zephyr-eabi/12.2.0/thumb/v6-m/nofp/libgcc.a(_clzdi2.o)
                0x0000000010002508                __clzdi2
 .text          0x0000000010002520        0xe /home/reva/zephyr-sdk-0.17.0/arm-zephyr-eabi/bin/../lib/gcc/../../picolibc/arm-zephyr-eabi/lib/thumb/v6-m/nofp/libc.a(strlen.S.o)
                0x0000000010002520                strlen
 .text          0x000000001000252e       0xde /home/reva/zephyr-sdk-0.17.0/arm-zephyr-eabi/bin/../lib/gcc/arm-zephyr-eabi/12.2.0/thumb/v6-m/nofp/libgcc.a(_udivmoddi4.o)
                0x000000001000252e                __udivmoddi4
 *(SORT_BY_ALIGNMENT(.text.*))
 .text.print_sensor_value
                0x000000001000260c       0xf4 app/libapp.a(main.c.obj)
 .text.sensor_thread_fn
                0x0000000010002700       0xd4 app/libapp.a(main.c.obj)
 .text.main     0x00000000100027d4       0xf8 app/libapp.a(main.c.obj)
                0x00000000100027d4                main
 .text.uart_callback
                0x00000000100028cc       0xc8 app/libapp.a(sensor_node.c.obj)
 .text.sensor_value_from_double.isra.0
                0x0000000010002994       0x88 app/libapp.a(sensor_node.c.obj)
 .text.sensor_node_init
                0x0000000010002a1c      0x120 app/libapp.a(sensor_node.c.obj)
 .text.sensor_node_sample_fetch
                0x0000000010002b3c      0x2ac app/libapp.a(sensor_node.c.obj)
 .text.cbvprintf_package
                0x0000000010002de8      0x3b8 zephyr/libzephyr.a(cbprintf_packaged.c.obj)
                0x0000000010002de8                cbvprintf_package
 .text.__printk_hook_install
                0x00000000100031a0        0xc zephyr/libzephyr.a(printk.c.obj)
                0x00000000100031a0                __printk_hook_install
 .text.z_thread_entry
                0x00000000100031ac       0x30 zephyr/libzephyr.a(thread_entry.c.obj)
                0x00000000100031ac                z_thread_entry
 .text.z_log_init.isra.0
                0x00000000100031dc       0xd4 zephyr/libzephyr.a(log_core.c.obj)
 .text.log_format_func_t_get
                0x00000000100032b0        0xc zephyr/libzephyr.a(log_core.c.obj)
                0x00000000100032b0                log_format_func_t_get
 .text.log_set_timestamp_func
                0x00000000100032bc       0x20 zephyr/libzephyr.a(log_core.c.obj)
                0x00000000100032bc                log_set_timestamp_func
 .text.log_core_init
                0x00000000100032dc       0x4c zephyr/libzephyr.a(log_core.c.obj)
                0x00000000100032dc                log_core_init
 .text.z_impl_log_panic
                0x0000000010003328       0x40 zephyr/libzephyr.a(log_core.c.obj)
                0x0000000010003328                z_impl_log_panic
 .text.z_log_dropped
                0x0000000010003368       0x20 zephyr/libzephyr.a(log_core.c.obj)
                0x0000000010003368                z_log_dropped
 .text.z_log_msg_commit
                0x0000000010003388       0x38 zephyr/libzephyr.a(log_core.c.obj)
                0x0000000010003388                z_log_msg_commit
 .text.log_source_name_get
                0x00000000100033c0       0x1c zephyr/libzephyr.a(log_mgmt.c.obj)
                0x00000000100033c0                log_source_name_get
 .text.z_log_msg_runtime_vcreate
                0x00000000100033dc       0xb4 zephyr/libzephyr.a(log_msg.c.obj)
                0x00000000100033dc                z_log_msg_runtime_vcreate
 .text.log_msg_get_source_id
                0x0000000010003490       0x1c zephyr/libzephyr.a(log_msg.c.obj)
                0x0000000010003490                log_msg_get_source_id
 .text.print_formatted
                0x00000000100034ac       0x20 zephyr/libzephyr.a(log_output.c.obj)
 .text.newline_print
                0x00000000100034cc       0x20 zephyr/libzephyr.a(log_output.c.obj)
 .text.log_output_process
                0x00000000100034ec      0x2d8 zephyr/libzephyr.a(log_output.c.obj)
                0x00000000100034ec                log_output_process
 .text.log_output_timestamp_freq_set
                0x00000000100037c4       0x34 zephyr/libzephyr.a(log_output.c.obj)
                0x00000000100037c4                log_output_timestamp_freq_set
 .text.char_out
                0x00000000100037f8       0x24 zephyr/libzephyr.a(log_backend_uart.c.obj)
 .text.class_handler
                0x000000001000381c       0x48 zephyr/libzephyr.a(usb_device.c.obj)
 .text.custom_handler
                0x0000000010003864       0x5c zephyr/libzephyr.a(usb_device.c.obj)
 .text.vendor_handler
                0x00000000100038c0       0x38 zephyr/libzephyr.a(usb_device.c.obj)
 .text.usb_reset_alt_setting
                0x00000000100038f8       0x14 zephyr/libzephyr.a(usb_device.c.obj)
 .text.is_ep_valid.part.0
                0x000000001000390c       0x34 zephyr/libzephyr.a(usb_device.c.obj)
 .text.usb_handle_request.constprop.0
                0x0000000010003940       0x30 zephyr/libzephyr.a(usb_device.c.obj)
 .text.get_ep_bm_from_addr
                0x0000000010003970       0x48 zephyr/libzephyr.a(usb_device.c.obj)
 .text.disable_endpoint
                0x00000000100039b8       0x6c zephyr/libzephyr.a(usb_device.c.obj)
 .text.forward_status_cb
                0x0000000010003a24       0xa8 zephyr/libzephyr.a(usb_device.c.obj)
 .text.usb_halt_endpoint_req.isra.0
                0x0000000010003acc       0x94 zephyr/libzephyr.a(usb_device.c.obj)
 .text.set_endpoint
                0x0000000010003b60       0xf0 zephyr/libzephyr.a(usb_device.c.obj)
 .text.usb_handle_standard_request
                0x0000000010003c50      0x2b4 zephyr/libzephyr.a(usb_device.c.obj)
 .text.usb_write
                0x0000000010003f04       0x50 zephyr/libzephyr.a(usb_device.c.obj)
                0x0000000010003f04                usb_write
 .text.usb_data_to_host
                0x0000000010003f54       0x5c zephyr/libzephyr.a(usb_device.c.obj)
 .text.usb_handle_control_transfer
                0x0000000010003fb0      0x104 zephyr/libzephyr.a(usb_device.c.obj)
 .text.usb_set_config
                0x00000000100040b4       0x2c zephyr/libzephyr.a(usb_device.c.obj)
                0x00000000100040b4                usb_set_config
 .text.usb_enable
                0x00000000100040e0      0x188 zephyr/libzephyr.a(usb_device.c.obj)
                0x00000000100040e0                usb_enable
 .text.usb_update_sn_string_descriptor
                0x0000000010004268       0x74 zephyr/libzephyr.a(usb_descriptor.c.obj)
                0x0000000010004268                usb_update_sn_string_descriptor
 .text.usb_get_device_descriptor
                0x00000000100042dc      0x284 zephyr/libzephyr.a(usb_descriptor.c.obj)
                0x00000000100042dc                usb_get_device_descriptor
 .text.usb_ep_get_transfer
                0x0000000010004560       0x2c zephyr/libzephyr.a(usb_transfer.c.obj)
 .text.usb_transfer_work
                0x000000001000458c      0x118 zephyr/libzephyr.a(usb_transfer.c.obj)
 .text.usb_transfer_ep_callback
                0x00000000100046a4       0x70 zephyr/libzephyr.a(usb_transfer.c.obj)
                0x00000000100046a4                usb_transfer_ep_callback
 .text.usb_transfer
                0x0000000010004714      0x118 zephyr/libzephyr.a(usb_transfer.c.obj)
                0x0000000010004714                usb_transfer
 .text.usb_cancel_transfer
                0x000000001000482c       0x34 zephyr/libzephyr.a(usb_transfer.c.obj)
                0x000000001000482c                usb_cancel_transfer
 .text.usb_cancel_transfers
                0x0000000010004860       0x40 zephyr/libzephyr.a(usb_transfer.c.obj)
                0x0000000010004860                usb_cancel_transfers
 .text.usb_transfer_init
                0x00000000100048a0       0x30 zephyr/libzephyr.a(usb_transfer.c.obj)
                0x00000000100048a0                usb_transfer_init
 .text.cdc_acm_irq_rx_enable
                0x00000000100048d0       0x2c zephyr/libzephyr.a(cdc_acm.c.obj)
 .text.cdc_acm_irq_tx_enable
                0x00000000100048fc       0x2c zephyr/libzephyr.a(cdc_acm.c.obj)
 .text.cdc_acm_fifo_fill
                0x0000000010004928       0x3c zephyr/libzephyr.a(cdc_acm.c.obj)
 .text.cdc_acm_write_cb
                0x0000000010004964       0x5c zephyr/libzephyr.a(cdc_acm.c.obj)
 .text.cdc_acm_class_handle_req
                0x00000000100049c0       0x58 zephyr/libzephyr.a(cdc_acm.c.obj)
                0x00000000100049c0                cdc_acm_class_handle_req
 .text.cdc_acm_int_in
                0x0000000010004a18       0x1c zephyr/libzephyr.a(cdc_acm.c.obj)
 .text.cdc_acm_reset_port
                0x0000000010004a34       0x38 zephyr/libzephyr.a(cdc_acm.c.obj)
 .text.cdc_acm_init
                0x0000000010004a6c       0x48 zephyr/libzephyr.a(cdc_acm.c.obj)
 .text.cdc_acm_send_notification.isra.0
                0x0000000010004ab4       0x48 zephyr/libzephyr.a(cdc_acm.c.obj)
 .text.cdc_acm_poll_out
                0x0000000010004afc       0x74 zephyr/libzephyr.a(cdc_acm.c.obj)
 .text.tx_work_handler
                0x0000000010004b70       0x80 zephyr/libzephyr.a(cdc_acm.c.obj)
 .text.cdc_acm_read_cb
                0x0000000010004bf0       0x80 zephyr/libzephyr.a(cdc_acm.c.obj)
 .text.cdc_acm_dev_status_cb
                0x0000000010004c70       0x80 zephyr/libzephyr.a(cdc_acm.c.obj)
 .text.z_usb_work_q_init
                0x0000000010004cf0       0x30 zephyr/libzephyr.a(usb_work_q.c.obj)
 .text.z_arm_fatal_error
                0x0000000010004d20       0xc4 zephyr/arch/arch/arm/core/libarch__arm__core.a(fatal.c.obj)
                0x0000000010004d20                z_arm_fatal_error
 .text.z_SysNmiOnReset
                0x0000000010004de4        0x4 zephyr/arch/arch/arm/core/libarch__arm__core.a(nmi_on_reset.S.obj)
                0x0000000010004de4                z_SysNmiOnReset
 .text.arch_tls_stack_setup
                0x0000000010004de8       0x38 zephyr/arch/arch/arm/core/libarch__arm__core.a(tls.c.obj)
                0x0000000010004de8                arch_tls_stack_setup
 .text._HandlerModeExit
                0x0000000010004e20       0x20 zephyr/arch/arch/arm/core/cortex_m/libarch__arm__core__cortex_m.a(exc_exit.c.obj)
                0x0000000010004e20                z_arm_exc_exit
                0x0000000010004e20                z_arm_int_exit
 .text.z_arm_fault
                0x0000000010004e40      0x134 zephyr/arch/arch/arm/core/cortex_m/libarch__arm__core__cortex_m.a(fault.c.obj)
                0x0000000010004e40                z_arm_fault
 .text.z_arm_fault_init
                0x0000000010004f74       0x10 zephyr/arch/arch/arm/core/cortex_m/libarch__arm__core__cortex_m.a(fault.c.obj)
                0x0000000010004f74                z_arm_fault_init
 .text.__fault  0x0000000010004f84       0x14 zephyr/arch/arch/arm/core/cortex_m/libarch__arm__core__cortex_m.a(fault_s.S.obj)
                0x0000000010004f84                z_arm_exc_spurious
                0x0000000010004f84                z_arm_hard_fault
 .text._reset_section
                0x0000000010004f98       0x34 zephyr/arch/arch/arm/core/cortex_m/libarch__arm__core__cortex_m.a(reset.S.obj)
                0x0000000010004f98                z_arm_reset
                0x0000000010004f98                __start
 .text.z_impl_k_thread_abort
                0x0000000010004fcc       0x38 zephyr/arch/arch/arm/core/cortex_m/libarch__arm__core__cortex_m.a(thread_abort.c.obj)
                0x0000000010004fcc                z_impl_k_thread_abort
 .text.z_arm_pendsv
                0x0000000010005004       0x70 zephyr/arch/arch/arm/core/cortex_m/libarch__arm__core__cortex_m.a(swap_helper.S.obj)
                0x0000000010005004                z_arm_pendsv
 .text.z_arm_svc
                0x0000000010005074       0x28 zephyr/arch/arch/arm/core/cortex_m/libarch__arm__core__cortex_m.a(swap_helper.S.obj)
                0x0000000010005074                z_arm_svc
 .text.arm_irq_enable
                0x000000001000509c       0x18 zephyr/arch/arch/arm/core/cortex_m/libarch__arm__core__cortex_m.a(irq_manage.c.obj)
                0x000000001000509c                arm_irq_enable
 .text.arm_irq_disable
                0x00000000100050b4       0x20 zephyr/arch/arch/arm/core/cortex_m/libarch__arm__core__cortex_m.a(irq_manage.c.obj)
                0x00000000100050b4                arm_irq_disable
 .text.arm_irq_priority_set
                0x00000000100050d4       0x54 zephyr/arch/arch/arm/core/cortex_m/libarch__arm__core__cortex_m.a(irq_manage.c.obj)
                0x00000000100050d4                arm_irq_priority_set
 .text.relocate_vector_table
                0x0000000010005128       0x1c zephyr/arch/arch/arm/core/cortex_m/libarch__arm__core__cortex_m.a(prep_c.c.obj)
                0x0000000010005128                relocate_vector_table
 .text.arch_new_thread
                0x0000000010005144       0x2c zephyr/arch/arch/arm/core/cortex_m/libarch__arm__core__cortex_m.a(thread.c.obj)
                0x0000000010005144                arch_new_thread
 .text.arch_switch_to_main_thread
                0x0000000010005170       0x38 zephyr/arch/arch/arm/core/cortex_m/libarch__arm__core__cortex_m.a(thread.c.obj)
                0x0000000010005170                arch_switch_to_main_thread
 .text.z_arm_cpu_idle_init
                0x00000000100051a8        0xc zephyr/arch/arch/arm/core/cortex_m/libarch__arm__core__cortex_m.a(cpu_idle.c.obj)
                0x00000000100051a8                z_arm_cpu_idle_init
 .text.z_arm_interrupt_init
                0x00000000100051b4       0x30 zephyr/arch/arch/arm/core/cortex_m/libarch__arm__core__cortex_m.a(irq_init.c.obj)
                0x00000000100051b4                z_arm_interrupt_init
 .text._isr_wrapper
                0x00000000100051e4       0x20 zephyr/arch/arch/arm/core/cortex_m/libarch__arm__core__cortex_m.a(isr_wrapper.c.obj)
                0x00000000100051e4                _isr_wrapper
 .text.cbvprintf
                0x0000000010005204       0x38 zephyr/lib/libc/picolibc/liblib__libc__picolibc.a(cbprintf.c.obj)
                0x0000000010005204                cbvprintf
 .text.z_impl_zephyr_fputc
                0x000000001000523c       0x10 zephyr/lib/libc/picolibc/liblib__libc__picolibc.a(stdio.c.obj)
                0x000000001000523c                z_impl_zephyr_fputc
 .text.__stdout_hook_install
                0x000000001000524c       0x18 zephyr/lib/libc/picolibc/liblib__libc__picolibc.a(stdio.c.obj)
                0x000000001000524c                __stdout_hook_install
 .text.abort    0x0000000010005264       0x18 zephyr/lib/libc/common/liblib__libc__common.a(abort.c.obj)
                0x0000000010005264                abort
 .text.malloc_prepare
                0x000000001000527c       0x24 zephyr/lib/libc/common/liblib__libc__common.a(malloc.c.obj)
 .text.udc_rpi_get_ep_state
                0x00000000100052a0       0x2c zephyr/drivers/usb/device/libdrivers__usb__device.a(usb_dc_rpi_pico.c.obj)
 .text.udc_rpi_cancel_endpoint
                0x00000000100052cc       0x78 zephyr/drivers/usb/device/libdrivers__usb__device.a(usb_dc_rpi_pico.c.obj)
 .text.udc_rpi_start_xfer
                0x0000000010005344       0x94 zephyr/drivers/usb/device/libdrivers__usb__device.a(usb_dc_rpi_pico.c.obj)
 .text.usb_rpi_init
                0x00000000100053d8       0x68 zephyr/drivers/usb/device/libdrivers__usb__device.a(usb_dc_rpi_pico.c.obj)
 .text.k_msgq_put.constprop.0.isra.0
                0x0000000010005440       0x14 zephyr/drivers/usb/device/libdrivers__usb__device.a(usb_dc_rpi_pico.c.obj)
 .text.udc_rpi_handle_resume
                0x0000000010005454       0x2c zephyr/drivers/usb/device/libdrivers__usb__device.a(usb_dc_rpi_pico.c.obj)
 .text.udc_rpi_thread_main
                0x0000000010005480       0x60 zephyr/drivers/usb/device/libdrivers__usb__device.a(usb_dc_rpi_pico.c.obj)
 .text.udc_rpi_isr
                0x00000000100054e0      0x34c zephyr/drivers/usb/device/libdrivers__usb__device.a(usb_dc_rpi_pico.c.obj)
 .text.usb_dc_attach
                0x000000001000582c      0x14c zephyr/drivers/usb/device/libdrivers__usb__device.a(usb_dc_rpi_pico.c.obj)
                0x000000001000582c                usb_dc_attach
 .text.usb_dc_set_status_callback
                0x0000000010005978        0xc zephyr/drivers/usb/device/libdrivers__usb__device.a(usb_dc_rpi_pico.c.obj)
                0x0000000010005978                usb_dc_set_status_callback
 .text.usb_dc_set_address
                0x0000000010005984       0x1c zephyr/drivers/usb/device/libdrivers__usb__device.a(usb_dc_rpi_pico.c.obj)
                0x0000000010005984                usb_dc_set_address
 .text.usb_dc_ep_start_read
                0x00000000100059a0       0x40 zephyr/drivers/usb/device/libdrivers__usb__device.a(usb_dc_rpi_pico.c.obj)
                0x00000000100059a0                usb_dc_ep_start_read
 .text.usb_dc_ep_check_cap
                0x00000000100059e0       0x4c zephyr/drivers/usb/device/libdrivers__usb__device.a(usb_dc_rpi_pico.c.obj)
                0x00000000100059e0                usb_dc_ep_check_cap
 .text.usb_dc_ep_set_stall
                0x0000000010005a2c       0x50 zephyr/drivers/usb/device/libdrivers__usb__device.a(usb_dc_rpi_pico.c.obj)
                0x0000000010005a2c                usb_dc_ep_set_stall
 .text.usb_dc_ep_enable
                0x0000000010005a7c       0x50 zephyr/drivers/usb/device/libdrivers__usb__device.a(usb_dc_rpi_pico.c.obj)
                0x0000000010005a7c                usb_dc_ep_enable
 .text.usb_dc_ep_write
                0x0000000010005acc       0xd0 zephyr/drivers/usb/device/libdrivers__usb__device.a(usb_dc_rpi_pico.c.obj)
                0x0000000010005acc                usb_dc_ep_write
 .text.usb_dc_ep_read_wait
                0x0000000010005b9c      0x118 zephyr/drivers/usb/device/libdrivers__usb__device.a(usb_dc_rpi_pico.c.obj)
                0x0000000010005b9c                usb_dc_ep_read_wait
 .text.usb_dc_ep_read_continue
                0x0000000010005cb4       0xa8 zephyr/drivers/usb/device/libdrivers__usb__device.a(usb_dc_rpi_pico.c.obj)
                0x0000000010005cb4                usb_dc_ep_read_continue
 .text.clock_control_rpi_pico_on
                0x0000000010005d5c       0x40 zephyr/drivers/clock_control/libdrivers__clock_control.a(clock_control_rpi_pico.c.obj)
 .text.clock_control_rpi_pico_off
                0x0000000010005d9c       0x40 zephyr/drivers/clock_control/libdrivers__clock_control.a(clock_control_rpi_pico.c.obj)
 .text.rpi_pico_rosc_write.constprop.0
                0x0000000010005ddc       0x30 zephyr/drivers/clock_control/libdrivers__clock_control.a(clock_control_rpi_pico.c.obj)
 .text.rpi_pico_get_clock_src.isra.0
                0x0000000010005e0c       0x9c zephyr/drivers/clock_control/libdrivers__clock_control.a(clock_control_rpi_pico.c.obj)
 .text.rpi_pico_calc_clock_freq
                0x0000000010005ea8      0x104 zephyr/drivers/clock_control/libdrivers__clock_control.a(clock_control_rpi_pico.c.obj)
 .text.clock_control_rpi_pico_init
                0x0000000010005fac      0x1c8 zephyr/drivers/clock_control/libdrivers__clock_control.a(clock_control_rpi_pico.c.obj)
 .text.uart_console_init
                0x0000000010006174       0x2c zephyr/drivers/console/libdrivers__console.a(uart_console.c.obj)
 .text.console_out
                0x00000000100061a0       0x28 zephyr/drivers/console/libdrivers__console.a(uart_console.c.obj)
 .text.gpio_rpi_get_pending_int
                0x00000000100061c8       0x30 zephyr/drivers/gpio/libdrivers__gpio.a(gpio_rpi_pico.c.obj)
 .text.gpio_rpi_isr
                0x00000000100061f8       0x64 zephyr/drivers/gpio/libdrivers__gpio.a(gpio_rpi_pico.c.obj)
 .text.gpio_rpi_configure
                0x000000001000625c       0xb8 zephyr/drivers/gpio/libdrivers__gpio.a(gpio_rpi_pico.c.obj)
 .text.pl011_irq_err_disable
                0x0000000010006314       0x14 zephyr/drivers/serial/libdrivers__serial.a(uart_pl011.c.obj)
 .text.pl011_runtime_configure_internal
                0x0000000010006328      0x16c zephyr/drivers/serial/libdrivers__serial.a(uart_pl011.c.obj)
 .text.pl011_init
                0x0000000010006494      0x128 zephyr/drivers/serial/libdrivers__serial.a(uart_pl011.c.obj)
 .text.elapsed  0x00000000100065bc       0x54 zephyr/drivers/timer/libdrivers__timer.a(cortex_m_systick.c.obj)
 .text.sys_clock_driver_init
                0x0000000010006610       0x40 zephyr/drivers/timer/libdrivers__timer.a(cortex_m_systick.c.obj)
 .text.sys_clock_isr
                0x0000000010006650       0x58 zephyr/drivers/timer/libdrivers__timer.a(cortex_m_systick.c.obj)
                0x0000000010006650                sys_clock_isr
 .text.sys_clock_set_timeout
                0x00000000100066a8      0x118 zephyr/drivers/timer/libdrivers__timer.a(cortex_m_systick.c.obj)
                0x00000000100066a8                sys_clock_set_timeout
 .text.sys_clock_elapsed
                0x00000000100067c0       0x38 zephyr/drivers/timer/libdrivers__timer.a(cortex_m_systick.c.obj)
                0x00000000100067c0                sys_clock_elapsed
 .text.sys_clock_cycle_get_32
                0x00000000100067f8       0x24 zephyr/drivers/timer/libdrivers__timer.a(cortex_m_systick.c.obj)
                0x00000000100067f8                sys_clock_cycle_get_32
 .text.clock_configure_internal
                0x000000001000681c       0xbc modules/hal_rpi_pico/libmodules__hal_rpi_pico.a(clocks.c.obj)
 .text.pll_init
                0x00000000100068d8       0xcc modules/hal_rpi_pico/libmodules__hal_rpi_pico.a(pll.c.obj)
                0x00000000100068d8                pll_init
 .text.xosc_init
                0x00000000100069a4       0x28 modules/hal_rpi_pico/libmodules__hal_rpi_pico.a(xosc.c.obj)
                0x00000000100069a4                xosc_init
 .text.tick_start
                0x00000000100069cc       0x10 modules/hal_rpi_pico/libmodules__hal_rpi_pico.a(ticks.c.obj)
                0x00000000100069cc                tick_start
 .text.rp2040_chip_version
                0x00000000100069dc       0x28 modules/hal_rpi_pico/libmodules__hal_rpi_pico.a(platform.c.obj)
                0x00000000100069dc                rp2040_chip_version
 .text.gpio_set_function
                0x0000000010006a04       0x30 modules/hal_rpi_pico/libmodules__hal_rpi_pico.a(gpio.c.obj)
                0x0000000010006a04                gpio_set_function
 .text.gpio_set_pulls
                0x0000000010006a34       0x24 modules/hal_rpi_pico/libmodules__hal_rpi_pico.a(gpio.c.obj)
                0x0000000010006a34                gpio_set_pulls
 .text.gpio_set_oeover
                0x0000000010006a58       0x24 modules/hal_rpi_pico/libmodules__hal_rpi_pico.a(gpio.c.obj)
                0x0000000010006a58                gpio_set_oeover
 .text.gpio_set_input_hysteresis_enabled
                0x0000000010006a7c       0x1c modules/hal_rpi_pico/libmodules__hal_rpi_pico.a(gpio.c.obj)
                0x0000000010006a7c                gpio_set_input_hysteresis_enabled
 .text.gpio_set_slew_rate
                0x0000000010006a98       0x20 modules/hal_rpi_pico/libmodules__hal_rpi_pico.a(gpio.c.obj)
                0x0000000010006a98                gpio_set_slew_rate
 .text.gpio_set_drive_strength
                0x0000000010006ab8       0x20 modules/hal_rpi_pico/libmodules__hal_rpi_pico.a(gpio.c.obj)
                0x0000000010006ab8                gpio_set_drive_strength
 .text.gpio_acknowledge_irq
                0x0000000010006ad8       0x18 modules/hal_rpi_pico/libmodules__hal_rpi_pico.a(gpio.c.obj)
                0x0000000010006ad8                gpio_acknowledge_irq
 .text.gpio_set_irq_enabled
                0x0000000010006af0       0x44 modules/hal_rpi_pico/libmodules__hal_rpi_pico.a(gpio.c.obj)
                0x0000000010006af0                gpio_set_irq_enabled
 .text.gpio_set_input_enabled
                0x0000000010006b34       0x1c modules/hal_rpi_pico/libmodules__hal_rpi_pico.a(gpio.c.obj)
                0x0000000010006b34                gpio_set_input_enabled
 .text.k_sys_fatal_error_handler
                0x0000000010006b50       0x2c zephyr/kernel/libkernel.a(fatal.c.obj)
                0x0000000010006b50                k_sys_fatal_error_handler
 .text.z_fatal_error
                0x0000000010006b7c       0xcc zephyr/kernel/libkernel.a(fatal.c.obj)
                0x0000000010006b7c                z_fatal_error
 .text.z_sys_init_run_level
                0x0000000010006c48       0x34 zephyr/kernel/libkernel.a(init.c.obj)
 .text.bg_thread_main
                0x0000000010006c7c       0xa8 zephyr/kernel/libkernel.a(init.c.obj)
 .text.z_bss_zero
                0x0000000010006d24       0x18 zephyr/kernel/libkernel.a(init.c.obj)
                0x0000000010006d24                z_bss_zero
 .text.z_init_cpu
                0x0000000010006d3c       0x68 zephyr/kernel/libkernel.a(init.c.obj)
                0x0000000010006d3c                z_init_cpu
 .text.z_cstart
                0x0000000010006da4       0xb4 zephyr/kernel/libkernel.a(init.c.obj)
                0x0000000010006da4                z_cstart
 .text.z_impl_k_msgq_put
                0x0000000010006e58       0xac zephyr/kernel/libkernel.a(msg_q.c.obj)
                0x0000000010006e58                z_impl_k_msgq_put
 .text.z_impl_k_msgq_get
                0x0000000010006f04       0xb8 zephyr/kernel/libkernel.a(msg_q.c.obj)
                0x0000000010006f04                z_impl_k_msgq_get
 .text.z_impl_k_mutex_lock
                0x0000000010006fbc       0xf0 zephyr/kernel/libkernel.a(mutex.c.obj)
                0x0000000010006fbc                z_impl_k_mutex_lock
 .text.z_impl_k_mutex_unlock
                0x00000000100070ac       0x98 zephyr/kernel/libkernel.a(mutex.c.obj)
                0x00000000100070ac                z_impl_k_mutex_unlock
 .text.z_impl_k_sem_give
                0x0000000010007144       0x64 zephyr/kernel/libkernel.a(sem.c.obj)
                0x0000000010007144                z_impl_k_sem_give
 .text.z_impl_k_sem_take
                0x00000000100071a8       0x4c zephyr/kernel/libkernel.a(sem.c.obj)
                0x00000000100071a8                z_impl_k_sem_take
 .text.work_queue_main
                0x00000000100071f4      0x144 zephyr/kernel/libkernel.a(work.c.obj)
 .text.submit_to_queue_locked
                0x0000000010007338       0xd0 zephyr/kernel/libkernel.a(work.c.obj)
 .text.k_work_queue_start
                0x0000000010007408       0x8c zephyr/kernel/libkernel.a(work.c.obj)
                0x0000000010007408                k_work_queue_start
 .text.k_work_schedule_for_queue
                0x0000000010007494       0x50 zephyr/kernel/libkernel.a(work.c.obj)
                0x0000000010007494                k_work_schedule_for_queue
 .text.z_setup_new_thread
                0x00000000100074e4       0x74 zephyr/kernel/libkernel.a(thread.c.obj)
                0x00000000100074e4                z_setup_new_thread
 .text.z_impl_k_thread_create
                0x0000000010007558       0x58 zephyr/kernel/libkernel.a(thread.c.obj)
                0x0000000010007558                z_impl_k_thread_create
 .text.z_dummy_thread_init
                0x00000000100075b0       0x18 zephyr/kernel/libkernel.a(thread.c.obj)
                0x00000000100075b0                z_dummy_thread_init
 .text.z_swap_irqlock
                0x00000000100075c8       0x2c zephyr/kernel/libkernel.a(sched.c.obj)
 .text.ready_thread
                0x00000000100075f4       0x8c zephyr/kernel/libkernel.a(sched.c.obj)
 .text.unready_thread
                0x0000000010007680       0x58 zephyr/kernel/libkernel.a(sched.c.obj)
 .text.add_thread_timeout
                0x00000000100076d8       0x18 zephyr/kernel/libkernel.a(sched.c.obj)
 .text.move_thread_to_end_of_prio_q
                0x00000000100076f0       0x98 zephyr/kernel/libkernel.a(sched.c.obj)
                0x00000000100076f0                move_thread_to_end_of_prio_q
 .text.z_pend_curr
                0x0000000010007788       0x38 zephyr/kernel/libkernel.a(sched.c.obj)
                0x0000000010007788                z_pend_curr
 .text.z_thread_prio_set
                0x00000000100077c0       0xe8 zephyr/kernel/libkernel.a(sched.c.obj)
                0x00000000100077c0                z_thread_prio_set
 .text.z_reschedule
                0x00000000100078a8       0x2c zephyr/kernel/libkernel.a(sched.c.obj)
                0x00000000100078a8                z_reschedule
 .text.z_reschedule_irqlock
                0x00000000100078d4       0x2c zephyr/kernel/libkernel.a(sched.c.obj)
                0x00000000100078d4                z_reschedule_irqlock
 .text.k_sched_lock
                0x0000000010007900       0x20 zephyr/kernel/libkernel.a(sched.c.obj)
                0x0000000010007900                k_sched_lock
 .text.k_sched_unlock
                0x0000000010007920       0x60 zephyr/kernel/libkernel.a(sched.c.obj)
                0x0000000010007920                k_sched_unlock
 .text.z_sched_init
                0x0000000010007980       0x14 zephyr/kernel/libkernel.a(sched.c.obj)
                0x0000000010007980                z_sched_init
 .text.z_impl_k_yield
                0x0000000010007994       0x84 zephyr/kernel/libkernel.a(sched.c.obj)
                0x0000000010007994                z_impl_k_yield
 .text.z_tick_sleep
                0x0000000010007a18       0x74 zephyr/kernel/libkernel.a(sched.c.obj)
 .text.z_impl_k_sleep
                0x0000000010007a8c       0x4c zephyr/kernel/libkernel.a(sched.c.obj)
                0x0000000010007a8c                z_impl_k_sleep
 .text.z_impl_k_wakeup
                0x0000000010007ad8       0x40 zephyr/kernel/libkernel.a(sched.c.obj)
                0x0000000010007ad8                z_impl_k_wakeup
 .text.z_impl_k_sched_current_thread_query
                0x0000000010007b18        0xc zephyr/kernel/libkernel.a(sched.c.obj)
                0x0000000010007b18                z_impl_k_sched_current_thread_query
 .text.z_thread_abort
                0x0000000010007b24      0x128 zephyr/kernel/libkernel.a(sched.c.obj)
                0x0000000010007b24                z_thread_abort
 .text.z_sched_wait
                0x0000000010007c4c       0x24 zephyr/kernel/libkernel.a(sched.c.obj)
                0x0000000010007c4c                z_sched_wait
 .text.slice_timeout
                0x0000000010007c70       0x20 zephyr/kernel/libkernel.a(timeslicing.c.obj)
 .text.thread_is_sliceable
                0x0000000010007c90       0x40 zephyr/kernel/libkernel.a(timeslicing.c.obj)
                0x0000000010007c90                thread_is_sliceable
 .text.z_reset_time_slice
                0x0000000010007cd0       0x4c zephyr/kernel/libkernel.a(timeslicing.c.obj)
                0x0000000010007cd0                z_reset_time_slice
 .text.z_time_slice
                0x0000000010007d1c       0x58 zephyr/kernel/libkernel.a(timeslicing.c.obj)
                0x0000000010007d1c                z_time_slice
 .text.z_data_copy
                0x0000000010007d74       0x34 zephyr/kernel/libkernel.a(xip.c.obj)
                0x0000000010007d74                z_data_copy
 .text.first    0x0000000010007da8       0x10 zephyr/kernel/libkernel.a(timeout.c.obj)
 .text.next_timeout
                0x0000000010007db8       0x38 zephyr/kernel/libkernel.a(timeout.c.obj)
 .text.elapsed  0x0000000010007df0       0x18 zephyr/kernel/libkernel.a(timeout.c.obj)
 .text.remove_timeout
                0x0000000010007e08       0x38 zephyr/kernel/libkernel.a(timeout.c.obj)
 .text.z_add_timeout
                0x0000000010007e40      0x128 zephyr/kernel/libkernel.a(timeout.c.obj)
                0x0000000010007e40                z_add_timeout
 .text.sys_clock_announce
                0x0000000010007f68       0xd4 zephyr/kernel/libkernel.a(timeout.c.obj)
                0x0000000010007f68                sys_clock_announce
 .text.sys_clock_tick_get
                0x000000001000803c       0x2c zephyr/kernel/libkernel.a(timeout.c.obj)
                0x000000001000803c                sys_clock_tick_get
 .text.k_thread_system_pool_assign
                0x0000000010008068        0xc zephyr/kernel/libkernel.a(mempool.c.obj)
                0x0000000010008068                k_thread_system_pool_assign
 .text.boot_banner
                0x0000000010008074       0x10 zephyr/kernel/libkernel.a(banner.c.obj)
                0x0000000010008074                boot_banner
 .text.statics_init
                0x0000000010008084       0x24 zephyr/kernel/libkernel.a(kheap.c.obj)
 .text.k_sys_work_q_init
                0x00000000100080a8       0x28 zephyr/kernel/libkernel.a(system_work_q.c.obj)
 .text.__l_vfprintf
                0x00000000100080d0      0x4d0 /home/reva/zephyr-sdk-0.17.0/arm-zephyr-eabi/bin/../lib/gcc/../../picolibc/arm-zephyr-eabi/lib/thumb/v6-m/nofp/libc.a(libc_tinystdio_vflprintf.c.o)
                0x00000000100080d0                __l_vfprintf
 .text._OffsetAbsSyms
                0x00000000100085a0        0x2 zephyr/CMakeFiles/offsets.dir/./arch/arm/core/offsets/offsets.c.obj
                0x00000000100085a0                _OffsetAbsSyms
 .text.z_log_msg_runtime_create.constprop.0
                0x00000000100085a2       0x1c app/libapp.a(main.c.obj)
 .text.z_log_msg_runtime_create.constprop.0
                0x00000000100085be       0x1c app/libapp.a(sensor_node.c.obj)
 .text.sensor_node_channel_get
                0x00000000100085da       0x60 app/libapp.a(sensor_node.c.obj)
 .text.chunk_field
                0x000000001000863a       0x1a zephyr/libzephyr.a(heap.c.obj)
 .text.chunk_set
                0x0000000010008654       0x1c zephyr/libzephyr.a(heap.c.obj)
 .text.chunk_size
                0x0000000010008670        0xc zephyr/libzephyr.a(heap.c.obj)
 .text.set_chunk_used
                0x000000001000867c       0x36 zephyr/libzephyr.a(heap.c.obj)
 .text.set_chunk_size
                0x00000000100086b2        0xc zephyr/libzephyr.a(heap.c.obj)
 .text.bucket_idx.isra.0
                0x00000000100086be       0x20 zephyr/libzephyr.a(heap.c.obj)
 .text.free_list_add
                0x00000000100086de       0x88 zephyr/libzephyr.a(heap.c.obj)
 .text.sys_heap_init
                0x0000000010008766       0xac zephyr/libzephyr.a(heap.c.obj)
                0x0000000010008766                sys_heap_init
 .text.cbpprintf_external
                0x0000000010008812       0x68 zephyr/libzephyr.a(cbprintf_packaged.c.obj)
                0x0000000010008812                cbpprintf_external
 .text.arch_printk_char_out
                0x000000001000887a        0x4 zephyr/libzephyr.a(printk.c.obj)
                0x000000001000887a                arch_printk_char_out
 .text.printk   0x000000001000887e       0x16 zephyr/libzephyr.a(printk.c.obj)
                0x000000001000887e                printk
 .text.ring_buf_area_claim
                0x0000000010008894       0x30 zephyr/libzephyr.a(ring_buffer.c.obj)
                0x0000000010008894                ring_buf_area_claim
 .text.ring_buf_put_claim
                0x00000000100088c4       0x20 zephyr/libzephyr.a(ring_buffer.c.obj)
 .text.ring_buf_get_claim
                0x00000000100088e4       0x1e zephyr/libzephyr.a(ring_buffer.c.obj)
 .text.ring_buf_area_finish
                0x0000000010008902       0x32 zephyr/libzephyr.a(ring_buffer.c.obj)
                0x0000000010008902                ring_buf_area_finish
 .text.ring_buf_put
                0x0000000010008934       0x40 zephyr/libzephyr.a(ring_buffer.c.obj)
                0x0000000010008934                ring_buf_put
 .text.ring_buf_get
                0x0000000010008974       0x42 zephyr/libzephyr.a(ring_buffer.c.obj)
                0x0000000010008974                ring_buf_get
 .text._ConfigAbsSyms
                0x00000000100089b6        0x2 zephyr/libzephyr.a(configs.c.obj)
                0x00000000100089b6                _ConfigAbsSyms
 .text.dummy_timestamp
                0x00000000100089b8        0x4 zephyr/libzephyr.a(log_core.c.obj)
 .text.default_lf_get_timestamp
                0x00000000100089bc       0x10 zephyr/libzephyr.a(log_core.c.obj)
 .text.atomic_inc
                0x00000000100089cc        0xa zephyr/libzephyr.a(log_core.c.obj)
 .text.enable_logger
                0x00000000100089d6        0xe zephyr/libzephyr.a(log_core.c.obj)
 .text.z_log_vprintk
                0x00000000100089e4       0x1a zephyr/libzephyr.a(log_core.c.obj)
                0x00000000100089e4                z_log_vprintk
 .text.z_log_notify_backend_enabled
                0x00000000100089fe        0x2 zephyr/libzephyr.a(log_core.c.obj)
                0x00000000100089fe                z_log_notify_backend_enabled
 .text.z_log_get_tag
                0x0000000010008a00        0x4 zephyr/libzephyr.a(log_core.c.obj)
                0x0000000010008a00                z_log_get_tag
 .text.log_backend_enable
                0x0000000010008a04       0x16 zephyr/libzephyr.a(log_mgmt.c.obj)
                0x0000000010008a04                log_backend_enable
 .text.z_log_msg_finalize
                0x0000000010008a1a       0x32 zephyr/libzephyr.a(log_msg.c.obj)
                0x0000000010008a1a                z_log_msg_finalize
 .text.z_log_msg_runtime_create.constprop.0
                0x0000000010008a4c       0x1e zephyr/libzephyr.a(log_msg.c.obj)
 .text.log_output_write
                0x0000000010008a6a       0x1e zephyr/libzephyr.a(log_output.c.obj)
 .text.out_func
                0x0000000010008a88       0x18 zephyr/libzephyr.a(log_output.c.obj)
 .text.cr_out_func
                0x0000000010008aa0       0x1c zephyr/libzephyr.a(log_output.c.obj)
 .text.log_output_msg_process
                0x0000000010008abc       0x62 zephyr/libzephyr.a(log_output.c.obj)
                0x0000000010008abc                log_output_msg_process
 .text.format_set
                0x0000000010008b1e        0xc zephyr/libzephyr.a(log_backend_uart.c.obj)
 .text.log_backend_uart_init
                0x0000000010008b2a        0xc zephyr/libzephyr.a(log_backend_uart.c.obj)
 .text.panic    0x0000000010008b36       0x32 zephyr/libzephyr.a(log_backend_uart.c.obj)
 .text.process  0x0000000010008b68       0x1c zephyr/libzephyr.a(log_backend_uart.c.obj)
 .text.z_log_msg_runtime_create.constprop.0
                0x0000000010008b84       0x1c zephyr/libzephyr.a(usb_device.c.obj)
 .text.z_log_msg_runtime_create.constprop.0
                0x0000000010008ba0       0x1c zephyr/libzephyr.a(usb_descriptor.c.obj)
 .text.usb_get_dev_data_by_cfg
                0x0000000010008bbc       0x16 zephyr/libzephyr.a(usb_descriptor.c.obj)
                0x0000000010008bbc                usb_get_dev_data_by_cfg
 .text.usb_get_dev_data_by_iface
                0x0000000010008bd2       0x1a zephyr/libzephyr.a(usb_descriptor.c.obj)
                0x0000000010008bd2                usb_get_dev_data_by_iface
 .text.usb_get_dev_data_by_ep
                0x0000000010008bec       0x2a zephyr/libzephyr.a(usb_descriptor.c.obj)
                0x0000000010008bec                usb_get_dev_data_by_ep
 .text.z_log_msg_runtime_create.constprop.0
                0x0000000010008c16       0x1e zephyr/libzephyr.a(usb_transfer.c.obj)
 .text.usb_transfer_is_busy
                0x0000000010008c34       0x16 zephyr/libzephyr.a(usb_transfer.c.obj)
                0x0000000010008c34                usb_transfer_is_busy
 .text.cdc_interface_config
                0x0000000010008c4a       0x1a zephyr/libzephyr.a(cdc_acm.c.obj)
 .text.cdc_acm_irq_callback_work_handler
                0x0000000010008c64       0x12 zephyr/libzephyr.a(cdc_acm.c.obj)
 .text.cdc_acm_irq_tx_disable
                0x0000000010008c76        0xa zephyr/libzephyr.a(cdc_acm.c.obj)
 .text.cdc_acm_irq_tx_ready
                0x0000000010008c80       0x2a zephyr/libzephyr.a(cdc_acm.c.obj)
 .text.cdc_acm_irq_rx_disable
                0x0000000010008caa        0xa zephyr/libzephyr.a(cdc_acm.c.obj)
 .text.cdc_acm_irq_rx_ready
                0x0000000010008cb4       0x14 zephyr/libzephyr.a(cdc_acm.c.obj)
 .text.cdc_acm_irq_is_pending
                0x0000000010008cc8       0x1c zephyr/libzephyr.a(cdc_acm.c.obj)
 .text.cdc_acm_irq_callback_set
                0x0000000010008ce4        0x6 zephyr/libzephyr.a(cdc_acm.c.obj)
 .text.cdc_acm_line_ctrl_get
                0x0000000010008cea       0x32 zephyr/libzephyr.a(cdc_acm.c.obj)
 .text.cdc_acm_configure
                0x0000000010008d1c       0x1a zephyr/libzephyr.a(cdc_acm.c.obj)
 .text.cdc_acm_config_get
                0x0000000010008d36       0x56 zephyr/libzephyr.a(cdc_acm.c.obj)
 .text.cdc_acm_line_ctrl_set
                0x0000000010008d8c       0x8e zephyr/libzephyr.a(cdc_acm.c.obj)
 .text.cdc_acm_fifo_read
                0x0000000010008e1a       0x4e zephyr/libzephyr.a(cdc_acm.c.obj)
 .text.cdc_acm_poll_in
                0x0000000010008e68       0x12 zephyr/libzephyr.a(cdc_acm.c.obj)
 .text.cdc_acm_irq_update
                0x0000000010008e7a       0x36 zephyr/libzephyr.a(cdc_acm.c.obj)
 .text.z_log_msg_runtime_create.constprop.0
                0x0000000010008eb0       0x1e zephyr/arch/arch/arm/core/libarch__arm__core.a(fatal.c.obj)
 .text.z_do_kernel_oops
                0x0000000010008ece        0xc zephyr/arch/arch/arm/core/libarch__arm__core.a(fatal.c.obj)
                0x0000000010008ece                z_do_kernel_oops
 .text.z_arm_nmi
                0x0000000010008eda        0xc zephyr/arch/arch/arm/core/libarch__arm__core.a(nmi.c.obj)
                0x0000000010008eda                z_arm_nmi
 .text.z_log_msg_runtime_create.constprop.0
                0x0000000010008ee6       0x1e zephyr/arch/arch/arm/core/cortex_m/libarch__arm__core__cortex_m.a(fault.c.obj)
 .text.z_irq_spurious
                0x0000000010008f04        0xc zephyr/arch/arch/arm/core/cortex_m/libarch__arm__core__cortex_m.a(irq_manage.c.obj)
                0x0000000010008f04                z_irq_spurious
 .text.z_prep_c
                0x0000000010008f10       0x16 zephyr/arch/arch/arm/core/cortex_m/libarch__arm__core__cortex_m.a(prep_c.c.obj)
                0x0000000010008f10                z_prep_c
 .text.arch_irq_unlock_outlined
                0x0000000010008f26        0xc zephyr/arch/arch/arm/core/cortex_m/libarch__arm__core__cortex_m.a(thread.c.obj)
                0x0000000010008f26                arch_irq_unlock_outlined
 .text.arch_cpu_idle
                0x0000000010008f32        0xe zephyr/arch/arch/arm/core/cortex_m/libarch__arm__core__cortex_m.a(cpu_idle.c.obj)
                0x0000000010008f32                arch_cpu_idle
 .text.__assert_no_args
                0x0000000010008f40        0x6 zephyr/lib/libc/picolibc/liblib__libc__picolibc.a(assert.c.obj)
                0x0000000010008f40                __assert_no_args
 .text.cbputc   0x0000000010008f46        0xc zephyr/lib/libc/picolibc/liblib__libc__picolibc.a(cbprintf.c.obj)
 .text.picolibc_put
                0x0000000010008f52        0xa zephyr/lib/libc/picolibc/liblib__libc__picolibc.a(stdio.c.obj)
 .text.z_log_msg_runtime_create.constprop.0
                0x0000000010008f5c       0x1c zephyr/drivers/usb/device/libdrivers__usb__device.a(usb_dc_rpi_pico.c.obj)
 .text.usb_dc_ep_set_callback
                0x0000000010008f78       0x18 zephyr/drivers/usb/device/libdrivers__usb__device.a(usb_dc_rpi_pico.c.obj)
                0x0000000010008f78                usb_dc_ep_set_callback
 .text.usb_dc_ep_configure
                0x0000000010008f90       0x20 zephyr/drivers/usb/device/libdrivers__usb__device.a(usb_dc_rpi_pico.c.obj)
                0x0000000010008f90                usb_dc_ep_configure
 .text.usb_dc_ep_clear_stall
                0x0000000010008fb0       0x2a zephyr/drivers/usb/device/libdrivers__usb__device.a(usb_dc_rpi_pico.c.obj)
                0x0000000010008fb0                usb_dc_ep_clear_stall
 .text.usb_dc_ep_is_stalled
                0x0000000010008fda       0x1e zephyr/drivers/usb/device/libdrivers__usb__device.a(usb_dc_rpi_pico.c.obj)
                0x0000000010008fda                usb_dc_ep_is_stalled
 .text.usb_dc_ep_disable
                0x0000000010008ff8       0x2a zephyr/drivers/usb/device/libdrivers__usb__device.a(usb_dc_rpi_pico.c.obj)
                0x0000000010008ff8                usb_dc_ep_disable
 .text.udc_rpi_get_ep_buffer_len
                0x0000000010009022       0x10 zephyr/drivers/usb/device/libdrivers__usb__device.a(usb_dc_rpi_pico.c.obj)
                0x0000000010009022                udc_rpi_get_ep_buffer_len
 .text.usb_dc_ep_read
                0x0000000010009032       0x26 zephyr/drivers/usb/device/libdrivers__usb__device.a(usb_dc_rpi_pico.c.obj)
                0x0000000010009032                usb_dc_ep_read
 .text.usb_dc_ep_mps
                0x0000000010009058       0x14 zephyr/drivers/usb/device/libdrivers__usb__device.a(usb_dc_rpi_pico.c.obj)
                0x0000000010009058                usb_dc_ep_mps
 .text.rpi_pico_is_clock_enabled.isra.0
                0x000000001000906c       0x5e zephyr/drivers/clock_control/libdrivers__clock_control.a(clock_control_rpi_pico.c.obj)
 .text.clock_control_rpi_pico_get_status
                0x00000000100090ca       0x18 zephyr/drivers/clock_control/libdrivers__clock_control.a(clock_control_rpi_pico.c.obj)
 .text.clock_control_rpi_pico_get_rate
                0x00000000100090e2       0x1e zephyr/drivers/clock_control/libdrivers__clock_control.a(clock_control_rpi_pico.c.obj)
 .text.rpi_pico_clkid_tuple_reorder_by_dependencies
                0x0000000010009100       0x66 zephyr/drivers/clock_control/libdrivers__clock_control.a(clock_control_rpi_pico.c.obj)
                0x0000000010009100                rpi_pico_clkid_tuple_reorder_by_dependencies
 .text.gpio_rpi_port_get_raw
                0x0000000010009166        0xc zephyr/drivers/gpio/libdrivers__gpio.a(gpio_rpi_pico.c.obj)
 .text.gpio_rpi_port_set_bits_raw
                0x0000000010009172       0x2c zephyr/drivers/gpio/libdrivers__gpio.a(gpio_rpi_pico.c.obj)
 .text.gpio_rpi_port_clear_bits_raw
                0x000000001000919e       0x2c zephyr/drivers/gpio/libdrivers__gpio.a(gpio_rpi_pico.c.obj)
 .text.gpio_rpi_port_toggle_bits
                0x00000000100091ca       0x18 zephyr/drivers/gpio/libdrivers__gpio.a(gpio_rpi_pico.c.obj)
 .text.gpio_rpi_manage_callback
                0x00000000100091e2       0x58 zephyr/drivers/gpio/libdrivers__gpio.a(gpio_rpi_pico.c.obj)
 .text.gpio_rpi_bank_init
                0x000000001000923a       0x10 zephyr/drivers/gpio/libdrivers__gpio.a(gpio_rpi_pico.c.obj)
 .text.gpio_rpi_pin_interrupt_configure
                0x000000001000924a       0x46 zephyr/drivers/gpio/libdrivers__gpio.a(gpio_rpi_pico.c.obj)
 .text.bank_0_config_func
                0x0000000010009290       0x14 zephyr/drivers/gpio/libdrivers__gpio.a(gpio_rpi_pico.c.obj)
 .text.gpio_rpi_port_set_masked_raw
                0x00000000100092a4       0x3c zephyr/drivers/gpio/libdrivers__gpio.a(gpio_rpi_pico.c.obj)
 .text.z_impl_hwinfo_get_device_id
                0x00000000100092e0       0x30 zephyr/drivers/hwinfo/libdrivers__hwinfo.a(hwinfo_rpi_pico.c.obj)
                0x00000000100092e0                z_impl_hwinfo_get_device_id
 .text.pinctrl_lookup_state
                0x0000000010009310       0x26 zephyr/drivers/pinctrl/libdrivers__pinctrl.a(common.c.obj)
                0x0000000010009310                pinctrl_lookup_state
 .text.pinctrl_configure_pins
                0x0000000010009336       0x96 zephyr/drivers/pinctrl/libdrivers__pinctrl.a(pinctrl_rpi_pico.c.obj)
                0x0000000010009336                pinctrl_configure_pins
 .text.reset_rpi_init
                0x00000000100093cc        0x4 zephyr/drivers/reset/libdrivers__reset.a(reset_rpi_pico.c.obj)
 .text.reset_rpi_read_register.isra.0
                0x00000000100093d0       0x30 zephyr/drivers/reset/libdrivers__reset.a(reset_rpi_pico.c.obj)
 .text.reset_rpi_update
                0x0000000010009400       0x72 zephyr/drivers/reset/libdrivers__reset.a(reset_rpi_pico.c.obj)
 .text.reset_rpi_line_assert
                0x0000000010009472        0xa zephyr/drivers/reset/libdrivers__reset.a(reset_rpi_pico.c.obj)
 .text.reset_rpi_line_deassert
                0x000000001000947c        0xa zephyr/drivers/reset/libdrivers__reset.a(reset_rpi_pico.c.obj)
 .text.reset_rpi_line_toggle
                0x0000000010009486       0x18 zephyr/drivers/reset/libdrivers__reset.a(reset_rpi_pico.c.obj)
 .text.reset_rpi_status
                0x000000001000949e       0x38 zephyr/drivers/reset/libdrivers__reset.a(reset_rpi_pico.c.obj)
 .text.pl011_poll_in
                0x00000000100094d6       0x34 zephyr/drivers/serial/libdrivers__serial.a(uart_pl011.c.obj)
 .text.pl011_poll_out
                0x000000001000950a       0x10 zephyr/drivers/serial/libdrivers__serial.a(uart_pl011.c.obj)
 .text.pl011_err_check
                0x000000001000951a       0x2a zephyr/drivers/serial/libdrivers__serial.a(uart_pl011.c.obj)
 .text.pl011_runtime_config_get
                0x0000000010009544        0xc zephyr/drivers/serial/libdrivers__serial.a(uart_pl011.c.obj)
 .text.pl011_fifo_fill
                0x0000000010009550       0x22 zephyr/drivers/serial/libdrivers__serial.a(uart_pl011.c.obj)
 .text.pl011_fifo_read
                0x0000000010009572       0x22 zephyr/drivers/serial/libdrivers__serial.a(uart_pl011.c.obj)
 .text.pl011_irq_tx_enable
                0x0000000010009594       0x48 zephyr/drivers/serial/libdrivers__serial.a(uart_pl011.c.obj)
 .text.pl011_irq_tx_disable
                0x00000000100095dc       0x14 zephyr/drivers/serial/libdrivers__serial.a(uart_pl011.c.obj)
 .text.pl011_irq_tx_complete
                0x00000000100095f0        0xe zephyr/drivers/serial/libdrivers__serial.a(uart_pl011.c.obj)
 .text.pl011_irq_tx_ready
                0x00000000100095fe       0x34 zephyr/drivers/serial/libdrivers__serial.a(uart_pl011.c.obj)
 .text.pl011_irq_rx_enable
                0x0000000010009632        0xe zephyr/drivers/serial/libdrivers__serial.a(uart_pl011.c.obj)
 .text.pl011_irq_rx_disable
                0x0000000010009640        0xe zephyr/drivers/serial/libdrivers__serial.a(uart_pl011.c.obj)
 .text.pl011_irq_rx_ready
                0x000000001000964e       0x2c zephyr/drivers/serial/libdrivers__serial.a(uart_pl011.c.obj)
 .text.pl011_irq_err_enable
                0x000000001000967a       0x10 zephyr/drivers/serial/libdrivers__serial.a(uart_pl011.c.obj)
 .text.pl011_irq_is_pending
                0x000000001000968a       0x1c zephyr/drivers/serial/libdrivers__serial.a(uart_pl011.c.obj)
 .text.pl011_irq_update
                0x00000000100096a6        0x4 zephyr/drivers/serial/libdrivers__serial.a(uart_pl011.c.obj)
 .text.pl011_irq_callback_set
                0x00000000100096aa        0x8 zephyr/drivers/serial/libdrivers__serial.a(uart_pl011.c.obj)
 .text.pl011_isr
                0x00000000100096b2       0x22 zephyr/drivers/serial/libdrivers__serial.a(uart_pl011.c.obj)
                0x00000000100096b2                pl011_isr
 .text.pwr_on_raspberrypi_pico_uart_0
                0x00000000100096d4        0x4 zephyr/drivers/serial/libdrivers__serial.a(uart_pl011.c.obj)
 .text.clk_enable_raspberrypi_pico_uart_0
                0x00000000100096d8        0x4 zephyr/drivers/serial/libdrivers__serial.a(uart_pl011.c.obj)
 .text.pl011_irq_config_func_0
                0x00000000100096dc       0x14 zephyr/drivers/serial/libdrivers__serial.a(uart_pl011.c.obj)
 .text.pl011_irq_config_func_1
                0x00000000100096f0       0x14 zephyr/drivers/serial/libdrivers__serial.a(uart_pl011.c.obj)
 .text.clk_enable_raspberrypi_pico_uart_1
                0x0000000010009704        0x4 zephyr/drivers/serial/libdrivers__serial.a(uart_pl011.c.obj)
 .text.pwr_on_raspberrypi_pico_uart_1
                0x0000000010009708        0x4 zephyr/drivers/serial/libdrivers__serial.a(uart_pl011.c.obj)
 .text.pl011_runtime_configure
                0x000000001000970c        0xa zephyr/drivers/serial/libdrivers__serial.a(uart_pl011.c.obj)
 .text.clock_configure
                0x0000000010009716       0x46 modules/hal_rpi_pico/libmodules__hal_rpi_pico.a(clocks.c.obj)
                0x0000000010009716                clock_configure
 .text.gpio_init
                0x000000001000975c       0x16 modules/hal_rpi_pico/libmodules__hal_rpi_pico.a(gpio.c.obj)
                0x000000001000975c                gpio_init
 .text.flash_get_unique_id
                0x0000000010009772       0x42 modules/hal_rpi_pico/libmodules__hal_rpi_pico.a(flash.c.obj)
                0x0000000010009772                flash_get_unique_id
 .text.z_impl_k_busy_wait
                0x00000000100097b4       0x1c zephyr/kernel/libkernel.a(busy_wait.c.obj)
                0x00000000100097b4                z_impl_k_busy_wait
 .text.z_device_state_init
                0x00000000100097d0        0x2 zephyr/kernel/libkernel.a(device.c.obj)
                0x00000000100097d0                z_device_state_init
 .text.z_impl_device_is_ready
                0x00000000100097d2       0x1a zephyr/kernel/libkernel.a(device.c.obj)
                0x00000000100097d2                z_impl_device_is_ready
 .text.z_log_msg_runtime_create.constprop.0
                0x00000000100097ec       0x1e zephyr/kernel/libkernel.a(fatal.c.obj)
 .text.arch_system_halt
                0x000000001000980a        0x8 zephyr/kernel/libkernel.a(fatal.c.obj)
                0x000000001000980a                arch_system_halt
 .text.do_device_init
                0x0000000010009812       0x30 zephyr/kernel/libkernel.a(init.c.obj)
 .text.z_early_memset
                0x0000000010009842        0x8 zephyr/kernel/libkernel.a(init.c.obj)
                0x0000000010009842                z_early_memset
 .text.z_early_memcpy
                0x000000001000984a        0x8 zephyr/kernel/libkernel.a(init.c.obj)
                0x000000001000984a                z_early_memcpy
 .text.idle     0x0000000010009852        0xe zephyr/kernel/libkernel.a(idle.c.obj)
                0x0000000010009852                idle
 .text.unpend_thread_no_timeout
                0x0000000010009860       0x1a zephyr/kernel/libkernel.a(msg_q.c.obj)
 .text.adjust_owner_prio.isra.0
                0x000000001000987a       0x16 zephyr/kernel/libkernel.a(mutex.c.obj)
 .text.z_impl_k_mutex_init
                0x0000000010009890        0xe zephyr/kernel/libkernel.a(mutex.c.obj)
                0x0000000010009890                z_impl_k_mutex_init
 .text.z_impl_k_sem_init
                0x000000001000989e       0x1a zephyr/kernel/libkernel.a(sem.c.obj)
                0x000000001000989e                z_impl_k_sem_init
 .text.flag_test_and_clear
                0x00000000100098b8       0x18 zephyr/kernel/libkernel.a(work.c.obj)
 .text.notify_queue_locked.isra.0
                0x00000000100098d0       0x12 zephyr/kernel/libkernel.a(work.c.obj)
 .text.work_timeout
                0x00000000100098e2       0x34 zephyr/kernel/libkernel.a(work.c.obj)
 .text.k_work_init
                0x0000000010009916       0x12 zephyr/kernel/libkernel.a(work.c.obj)
                0x0000000010009916                k_work_init
 .text.z_work_submit_to_queue
                0x0000000010009928       0x1e zephyr/kernel/libkernel.a(work.c.obj)
                0x0000000010009928                z_work_submit_to_queue
 .text.k_work_submit_to_queue
                0x0000000010009946       0x18 zephyr/kernel/libkernel.a(work.c.obj)
                0x0000000010009946                k_work_submit_to_queue
 .text.k_work_init_delayable
                0x000000001000995e       0x18 zephyr/kernel/libkernel.a(work.c.obj)
                0x000000001000995e                k_work_init_delayable
 .text.k_is_in_isr
                0x0000000010009976        0xc zephyr/kernel/libkernel.a(thread.c.obj)
                0x0000000010009976                k_is_in_isr
 .text.z_impl_k_thread_name_set
                0x0000000010009982        0x6 zephyr/kernel/libkernel.a(thread.c.obj)
                0x0000000010009982                z_impl_k_thread_name_set
 .text.k_thread_name_get
                0x0000000010009988        0x4 zephyr/kernel/libkernel.a(thread.c.obj)
                0x0000000010009988                k_thread_name_get
 .text.sys_dlist_remove
                0x000000001000998c       0x10 zephyr/kernel/libkernel.a(sched.c.obj)
 .text.unpend_thread_no_timeout
                0x000000001000999c       0x16 zephyr/kernel/libkernel.a(sched.c.obj)
 .text.add_to_waitq_locked
                0x00000000100099b2       0x52 zephyr/kernel/libkernel.a(sched.c.obj)
 .text.z_ready_thread
                0x0000000010009a04       0x18 zephyr/kernel/libkernel.a(sched.c.obj)
                0x0000000010009a04                z_ready_thread
 .text.z_sched_wake_thread
                0x0000000010009a1c       0x36 zephyr/kernel/libkernel.a(sched.c.obj)
                0x0000000010009a1c                z_sched_wake_thread
 .text.z_thread_timeout
                0x0000000010009a52        0xc zephyr/kernel/libkernel.a(sched.c.obj)
                0x0000000010009a52                z_thread_timeout
 .text.z_impl_k_usleep
                0x0000000010009a5e       0x22 zephyr/kernel/libkernel.a(sched.c.obj)
                0x0000000010009a5e                z_impl_k_usleep
 .text.z_sched_wake
                0x0000000010009a80       0x3c zephyr/kernel/libkernel.a(sched.c.obj)
                0x0000000010009a80                z_sched_wake
 .text.z_abort_timeout
                0x0000000010009abc       0x4c zephyr/kernel/libkernel.a(timeout.c.obj)
                0x0000000010009abc                z_abort_timeout
 .text.sys_clock_tick_get_32
                0x0000000010009b08        0x8 zephyr/kernel/libkernel.a(timeout.c.obj)
                0x0000000010009b08                sys_clock_tick_get_32
 .text.z_impl_k_uptime_ticks
                0x0000000010009b10        0x8 zephyr/kernel/libkernel.a(timeout.c.obj)
                0x0000000010009b10                z_impl_k_uptime_ticks
 .text.z_impl_atomic_add
                0x0000000010009b18       0x1a zephyr/kernel/libkernel.a(atomic_c.c.obj)
                0x0000000010009b18                z_impl_atomic_add
 .text.z_impl_atomic_sub
                0x0000000010009b32       0x1a zephyr/kernel/libkernel.a(atomic_c.c.obj)
                0x0000000010009b32                z_impl_atomic_sub
 .text.k_heap_init
                0x0000000010009b4c       0x10 zephyr/kernel/libkernel.a(kheap.c.obj)
                0x0000000010009b4c                k_heap_init
 .text.memcpy   0x0000000010009b5c       0x12 /home/reva/zephyr-sdk-0.17.0/arm-zephyr-eabi/bin/../lib/gcc/../../picolibc/arm-zephyr-eabi/lib/thumb/v6-m/nofp/libc.a(memcpy.c.o)
                0x0000000010009b5c                memcpy
                0x0000000010009b5c                __aeabi_memcpy
                0x0000000010009b5c                __aeabi_memcpy4
                0x0000000010009b5c                __aeabi_memcpy8
 .text.memset   0x0000000010009b6e       0x10 /home/reva/zephyr-sdk-0.17.0/arm-zephyr-eabi/bin/../lib/gcc/../../picolibc/arm-zephyr-eabi/lib/thumb/v6-m/nofp/libc.a(memset.c.o)
                0x0000000010009b6e                memset
 .text.strnlen  0x0000000010009b7e       0x16 /home/reva/zephyr-sdk-0.17.0/arm-zephyr-eabi/bin/../lib/gcc/../../picolibc/arm-zephyr-eabi/lib/thumb/v6-m/nofp/libc.a(libc_string_strnlen.c.o)
                0x0000000010009b7e                strnlen
 .text.__ultoa_invert
                0x0000000010009b94      0x10e /home/reva/zephyr-sdk-0.17.0/arm-zephyr-eabi/bin/../lib/gcc/../../picolibc/arm-zephyr-eabi/lib/thumb/v6-m/nofp/libc.a(libc_tinystdio_vflprintf.c.o)
 *(SORT_BY_ALIGNMENT(.TEXT.*))
 *fill*         0x0000000010009ca2        0x2 
 .TEXT.__aeabi_read_tp
                0x0000000010009ca4        0xc zephyr/arch/arch/arm/core/cortex_m/libarch__arm__core__cortex_m.a(__aeabi_read_tp.S.obj)
                0x0000000010009ca4                __aeabi_read_tp
 .TEXT.__aeabi_read_tp.__stub
                0x0000000010009cb0       0x10 linker stubs
 *(SORT_BY_ALIGNMENT(.gnu.linkonce.t.*))
 *(SORT_BY_ALIGNMENT(.glue_7t))
 .glue_7t       0x0000000010009cc0        0x0 linker stubs
 *(SORT_BY_ALIGNMENT(.glue_7))
 .glue_7        0x0000000010009cc0        0x0 linker stubs
 *(SORT_BY_ALIGNMENT(.vfp11_veneer))
 .vfp11_veneer  0x0000000010009cc0        0x0 linker stubs
 *(SORT_BY_ALIGNMENT(.v4_bx))
 .v4_bx         0x0000000010009cc0        0x0 linker stubs
                0x0000000010009cc0                . = ALIGN (0x4)
                0x0000000010009cc0                __text_region_end = .

.ARM.exidx      0x0000000010009cc0        0x8
                0x0000000010009cc0                __exidx_start = .
 *(SORT_BY_ALIGNMENT(.ARM.exidx*) SORT_BY_ALIGNMENT(gnu.linkonce.armexidx.*))
 .ARM.exidx     0x0000000010009cc0        0x8 /home/reva/zephyr-sdk-0.17.0/arm-zephyr-eabi/bin/../lib/gcc/arm-zephyr-eabi/12.2.0/thumb/v6-m/nofp/libgcc.a(_udivmoddi4.o)
                0x0000000010009cc8                __exidx_end = .
                0x0000000010009cc8                __rodata_region_start = .

initlevel       0x0000000010009cc8       0x78
                0x0000000010009cc8                __init_start = .
                0x0000000010009cc8                __init_EARLY_start = .
 *(SORT_BY_NAME(SORT_BY_ALIGNMENT(.z_init_EARLY_P_?_*)))
 *(SORT_BY_NAME(SORT_BY_ALIGNMENT(.z_init_EARLY_P_??_*)))
 *(SORT_BY_NAME(SORT_BY_ALIGNMENT(.z_init_EARLY_P_???_*)))
                0x0000000010009cc8                __init_PRE_KERNEL_1_start = .
 *(SORT_BY_NAME(SORT_BY_ALIGNMENT(.z_init_PRE_KERNEL_1_P_?_*)))
 *(SORT_BY_NAME(SORT_BY_ALIGNMENT(.z_init_PRE_KERNEL_1_P_??_*)))
 .z_init_PRE_KERNEL_1_P_30_SUB_00025_
                0x0000000010009cc8        0x8 zephyr/drivers/clock_control/libdrivers__clock_control.a(clock_control_rpi_pico.c.obj)
 .z_init_PRE_KERNEL_1_P_30_SUB_0_
                0x0000000010009cd0        0x8 zephyr/kernel/libkernel.a(kheap.c.obj)
 .z_init_PRE_KERNEL_1_P_35_SUB_00027_
                0x0000000010009cd8        0x8 zephyr/drivers/reset/libdrivers__reset.a(reset_rpi_pico.c.obj)
 .z_init_PRE_KERNEL_1_P_50_SUB_00067_
                0x0000000010009ce0        0x8 zephyr/drivers/serial/libdrivers__serial.a(uart_pl011.c.obj)
 .z_init_PRE_KERNEL_1_P_50_SUB_00068_
                0x0000000010009ce8        0x8 zephyr/drivers/serial/libdrivers__serial.a(uart_pl011.c.obj)
 .z_init_PRE_KERNEL_1_P_50_SUB_00077_
                0x0000000010009cf0        0x8 zephyr/libzephyr.a(cdc_acm.c.obj)
 .z_init_PRE_KERNEL_1_P_60_SUB_0_
                0x0000000010009cf8        0x8 zephyr/drivers/console/libdrivers__console.a(uart_console.c.obj)
 *(SORT_BY_NAME(SORT_BY_ALIGNMENT(.z_init_PRE_KERNEL_1_P_???_*)))
                0x0000000010009d00                __init_PRE_KERNEL_2_start = .
 *(SORT_BY_NAME(SORT_BY_ALIGNMENT(.z_init_PRE_KERNEL_2_P_?_*)))
 .z_init_PRE_KERNEL_2_P_0_SUB_0_
                0x0000000010009d00        0x8 zephyr/drivers/timer/libdrivers__timer.a(cortex_m_systick.c.obj)
 *(SORT_BY_NAME(SORT_BY_ALIGNMENT(.z_init_PRE_KERNEL_2_P_??_*)))
 *(SORT_BY_NAME(SORT_BY_ALIGNMENT(.z_init_PRE_KERNEL_2_P_???_*)))
                0x0000000010009d08                __init_POST_KERNEL_start = .
 *(SORT_BY_NAME(SORT_BY_ALIGNMENT(.z_init_POST_KERNEL_P_?_*)))
 .z_init_POST_KERNEL_P_0_SUB_0_
                0x0000000010009d08        0x8 zephyr/libzephyr.a(log_core.c.obj)
 *(SORT_BY_NAME(SORT_BY_ALIGNMENT(.z_init_POST_KERNEL_P_??_*)))
 .z_init_POST_KERNEL_P_35_SUB_0_
                0x0000000010009d10        0x8 zephyr/lib/libc/common/liblib__libc__common.a(malloc.c.obj)
 .z_init_POST_KERNEL_P_40_SUB_00035_
                0x0000000010009d18        0x8 zephyr/drivers/gpio/libdrivers__gpio.a(gpio_rpi_pico.c.obj)
 .z_init_POST_KERNEL_P_40_SUB_0_
                0x0000000010009d20        0x8 zephyr/libzephyr.a(usb_work_q.c.obj)
 .z_init_POST_KERNEL_P_40_SUB_0_
                0x0000000010009d28        0x8 zephyr/kernel/libkernel.a(system_work_q.c.obj)
 .z_init_POST_KERNEL_P_50_SUB_0_
                0x0000000010009d30        0x8 zephyr/drivers/usb/device/libdrivers__usb__device.a(usb_dc_rpi_pico.c.obj)
 .z_init_POST_KERNEL_P_90_SUB_00030_
                0x0000000010009d38        0x8 app/libapp.a(sensor_node.c.obj)
 *(SORT_BY_NAME(SORT_BY_ALIGNMENT(.z_init_POST_KERNEL_P_???_*)))
                0x0000000010009d40                __init_APPLICATION_start = .
 *(SORT_BY_NAME(SORT_BY_ALIGNMENT(.z_init_APPLICATION_P_?_*)))
 *(SORT_BY_NAME(SORT_BY_ALIGNMENT(.z_init_APPLICATION_P_??_*)))
 *(SORT_BY_NAME(SORT_BY_ALIGNMENT(.z_init_APPLICATION_P_???_*)))
                0x0000000010009d40                __init_SMP_start = .
 *(SORT_BY_NAME(SORT_BY_ALIGNMENT(.z_init_SMP_P_?_*)))
 *(SORT_BY_NAME(SORT_BY_ALIGNMENT(.z_init_SMP_P_??_*)))
 *(SORT_BY_NAME(SORT_BY_ALIGNMENT(.z_init_SMP_P_???_*)))
                0x0000000010009d40                __init_end = .

device_area     0x0000000010009d40       0xe0
                0x0000000010009d40                _device_list_start = .
 *(SORT_BY_NAME(SORT_BY_ALIGNMENT(._device.static.*_?_*)))
 *(SORT_BY_NAME(SORT_BY_ALIGNMENT(._device.static.*_??_*)))
 ._device.static.1_30_
                0x0000000010009d40       0x20 zephyr/drivers/clock_control/libdrivers__clock_control.a(clock_control_rpi_pico.c.obj)
                0x0000000010009d40                __device_dts_ord_25
 ._device.static.1_35_
                0x0000000010009d60       0x20 zephyr/drivers/reset/libdrivers__reset.a(reset_rpi_pico.c.obj)
                0x0000000010009d60                __device_dts_ord_27
 ._device.static.1_50_
                0x0000000010009d80       0x20 zephyr/libzephyr.a(cdc_acm.c.obj)
                0x0000000010009d80                __device_dts_ord_77
 ._device.static.1_50_
                0x0000000010009da0       0x40 zephyr/drivers/serial/libdrivers__serial.a(uart_pl011.c.obj)
                0x0000000010009da0                __device_dts_ord_68
                0x0000000010009dc0                __device_dts_ord_67
 ._device.static.3_40_
                0x0000000010009de0       0x20 zephyr/drivers/gpio/libdrivers__gpio.a(gpio_rpi_pico.c.obj)
                0x0000000010009de0                __device_dts_ord_35
 ._device.static.3_90_
                0x0000000010009e00       0x20 app/libapp.a(sensor_node.c.obj)
                0x0000000010009e00                __device_dts_ord_30
 *(SORT_BY_NAME(SORT_BY_ALIGNMENT(._device.static.*_???_*)))
 *(SORT_BY_NAME(SORT_BY_ALIGNMENT(._device.static.*_????_*)))
 *(SORT_BY_NAME(SORT_BY_ALIGNMENT(._device.static.*_?????_*)))
                0x0000000010009e20                _device_list_end = .

sw_isr_table    0x0000000010009e20       0xd0
                0x0000000010009e20                . = ALIGN (0x4)
 *(SORT_BY_ALIGNMENT(.gnu.linkonce.sw_isr_table*))
 .gnu.linkonce.sw_isr_table
                0x0000000010009e20       0xd0 zephyr/CMakeFiles/zephyr_final.dir/isr_tables.c.obj
                0x0000000010009e20                _sw_isr_table

initlevel_error
                0x0000000010009cc8        0x0
 *(SORT_BY_NAME(SORT_BY_ALIGNMENT(.z_init_*)))
                0x0000000000000001                ASSERT ((SIZEOF (initlevel_error) == 0x0), Undefined initialization levels used.)

app_shmem_regions
                0x0000000010009ef0        0x0
                0x0000000010009ef0                __app_shmem_regions_start = .
 *(SORT_BY_NAME(SORT_BY_ALIGNMENT(.app_regions.*)))
                0x0000000010009ef0                __app_shmem_regions_end = .

k_p4wq_initparam_area
                0x0000000010009ef0        0x0
                0x0000000010009ef0                _k_p4wq_initparam_list_start = .
 *(SORT_BY_NAME(SORT_BY_ALIGNMENT(._k_p4wq_initparam.static.*)))
                0x0000000010009ef0                _k_p4wq_initparam_list_end = .

_static_thread_data_area
                0x0000000010009ef0        0x0
                0x0000000010009ef0                __static_thread_data_list_start = .
 *(SORT_BY_NAME(SORT_BY_ALIGNMENT(.__static_thread_data.static.*)))
                0x0000000010009ef0                __static_thread_data_list_end = .

device_deps     0x0000000010009ef0        0x0
                0x0000000010009ef0                __device_deps_start = .
 *(SORT_BY_NAME(SORT_BY_ALIGNMENT(.__device_deps_pass2*)))
                0x0000000010009ef0                __device_deps_end = .

gpio_driver_api_area
                0x0000000010009ef0       0x24
                0x0000000010009ef0                _gpio_driver_api_list_start = .
 *(SORT_BY_NAME(SORT_BY_ALIGNMENT(._gpio_driver_api.static.*)))
 ._gpio_driver_api.static.gpio_rpi_driver_api_
                0x0000000010009ef0       0x24 zephyr/drivers/gpio/libdrivers__gpio.a(gpio_rpi_pico.c.obj)
                0x0000000010009f14                _gpio_driver_api_list_end = .

reset_driver_api_area
                0x0000000010009f14       0x10
                0x0000000010009f14                _reset_driver_api_list_start = .
 *(SORT_BY_NAME(SORT_BY_ALIGNMENT(._reset_driver_api.static.*)))
 ._reset_driver_api.static.reset_rpi_driver_api_
                0x0000000010009f14       0x10 zephyr/drivers/reset/libdrivers__reset.a(reset_rpi_pico.c.obj)
                0x0000000010009f24                _reset_driver_api_list_end = .

sensor_driver_api_area
                0x0000000010009f24        0x0
                0x0000000010009f24                _sensor_driver_api_list_start = .
 *(SORT_BY_NAME(SORT_BY_ALIGNMENT(._sensor_driver_api.static.*)))
                0x0000000010009f24                _sensor_driver_api_list_end = .

shared_irq_driver_api_area
                0x0000000010009f24        0x0
                0x0000000010009f24                _shared_irq_driver_api_list_start = .
 *(SORT_BY_NAME(SORT_BY_ALIGNMENT(._shared_irq_driver_api.static.*)))
                0x0000000010009f24                _shared_irq_driver_api_list_end = .

crypto_driver_api_area
                0x0000000010009f24        0x0
                0x0000000010009f24                _crypto_driver_api_list_start = .
 *(SORT_BY_NAME(SORT_BY_ALIGNMENT(._crypto_driver_api.static.*)))
                0x0000000010009f24                _crypto_driver_api_list_end = .

adc_driver_api_area
                0x0000000010009f24        0x0
                0x0000000010009f24                _adc_driver_api_list_start = .
 *(SORT_BY_NAME(SORT_BY_ALIGNMENT(._adc_driver_api.static.*)))
                0x0000000010009f24                _adc_driver_api_list_end = .

auxdisplay_driver_api_area
                0x0000000010009f24        0x0
                0x0000000010009f24                _auxdisplay_driver_api_list_start = .
 *(SORT_BY_NAME(SORT_BY_ALIGNMENT(._auxdisplay_driver_api.static.*)))
                0x0000000010009f24                _auxdisplay_driver_api_list_end = .

bbram_driver_api_area
                0x0000000010009f24        0x0
                0x0000000010009f24                _bbram_driver_api_list_start = .
 *(SORT_BY_NAME(SORT_BY_ALIGNMENT(._bbram_driver_api.static.*)))
                0x0000000010009f24                _bbram_driver_api_list_end = .

bt_hci_driver_api_area
                0x0000000010009f24        0x0
                0x0000000010009f24                _bt_hci_driver_api_list_start = .
 *(SORT_BY_NAME(SORT_BY_ALIGNMENT(._bt_hci_driver_api.static.*)))
                0x0000000010009f24                _bt_hci_driver_api_list_end = .

can_driver_api_area
                0x0000000010009f24        0x0
                0x0000000010009f24                _can_driver_api_list_start = .
 *(SORT_BY_NAME(SORT_BY_ALIGNMENT(._can_driver_api.static.*)))
                0x0000000010009f24                _can_driver_api_list_end = .

cellular_driver_api_area
                0x0000000010009f24        0x0
                0x0000000010009f24                _cellular_driver_api_list_start = .
 *(SORT_BY_NAME(SORT_BY_ALIGNMENT(._cellular_driver_api.static.*)))
                0x0000000010009f24                _cellular_driver_api_list_end = .

charger_driver_api_area
                0x0000000010009f24        0x0
                0x0000000010009f24                _charger_driver_api_list_start = .
 *(SORT_BY_NAME(SORT_BY_ALIGNMENT(._charger_driver_api.static.*)))
                0x0000000010009f24                _charger_driver_api_list_end = .

clock_control_driver_api_area
                0x0000000010009f24       0x1c
                0x0000000010009f24                _clock_control_driver_api_list_start = .
 *(SORT_BY_NAME(SORT_BY_ALIGNMENT(._clock_control_driver_api.static.*)))
 ._clock_control_driver_api.static.clock_control_rpi_pico_api_
                0x0000000010009f24       0x1c zephyr/drivers/clock_control/libdrivers__clock_control.a(clock_control_rpi_pico.c.obj)
                0x0000000010009f40                _clock_control_driver_api_list_end = .

comparator_driver_api_area
                0x0000000010009f40        0x0
                0x0000000010009f40                _comparator_driver_api_list_start = .
 *(SORT_BY_NAME(SORT_BY_ALIGNMENT(._comparator_driver_api.static.*)))
                0x0000000010009f40                _comparator_driver_api_list_end = .

coredump_driver_api_area
                0x0000000010009f40        0x0
                0x0000000010009f40                _coredump_driver_api_list_start = .
 *(SORT_BY_NAME(SORT_BY_ALIGNMENT(._coredump_driver_api.static.*)))
                0x0000000010009f40                _coredump_driver_api_list_end = .

counter_driver_api_area
                0x0000000010009f40        0x0
                0x0000000010009f40                _counter_driver_api_list_start = .
 *(SORT_BY_NAME(SORT_BY_ALIGNMENT(._counter_driver_api.static.*)))
                0x0000000010009f40                _counter_driver_api_list_end = .

dac_driver_api_area
                0x0000000010009f40        0x0
                0x0000000010009f40                _dac_driver_api_list_start = .
 *(SORT_BY_NAME(SORT_BY_ALIGNMENT(._dac_driver_api.static.*)))
                0x0000000010009f40                _dac_driver_api_list_end = .

dai_driver_api_area
                0x0000000010009f40        0x0
                0x0000000010009f40                _dai_driver_api_list_start = .
 *(SORT_BY_NAME(SORT_BY_ALIGNMENT(._dai_driver_api.static.*)))
                0x0000000010009f40                _dai_driver_api_list_end = .

display_driver_api_area
                0x0000000010009f40        0x0
                0x0000000010009f40                _display_driver_api_list_start = .
 *(SORT_BY_NAME(SORT_BY_ALIGNMENT(._display_driver_api.static.*)))
                0x0000000010009f40                _display_driver_api_list_end = .

dma_driver_api_area
                0x0000000010009f40        0x0
                0x0000000010009f40                _dma_driver_api_list_start = .
 *(SORT_BY_NAME(SORT_BY_ALIGNMENT(._dma_driver_api.static.*)))
                0x0000000010009f40                _dma_driver_api_list_end = .

edac_driver_api_area
                0x0000000010009f40        0x0
                0x0000000010009f40                _edac_driver_api_list_start = .
 *(SORT_BY_NAME(SORT_BY_ALIGNMENT(._edac_driver_api.static.*)))
                0x0000000010009f40                _edac_driver_api_list_end = .

eeprom_driver_api_area
                0x0000000010009f40        0x0
                0x0000000010009f40                _eeprom_driver_api_list_start = .
 *(SORT_BY_NAME(SORT_BY_ALIGNMENT(._eeprom_driver_api.static.*)))
                0x0000000010009f40                _eeprom_driver_api_list_end = .

emul_bbram_driver_api_area
                0x0000000010009f40        0x0
                0x0000000010009f40                _emul_bbram_driver_api_list_start = .
 *(SORT_BY_NAME(SORT_BY_ALIGNMENT(._emul_bbram_driver_api.static.*)))
                0x0000000010009f40                _emul_bbram_driver_api_list_end = .

fuel_gauge_emul_driver_api_area
                0x0000000010009f40        0x0
                0x0000000010009f40                _fuel_gauge_emul_driver_api_list_start = .
 *(SORT_BY_NAME(SORT_BY_ALIGNMENT(._fuel_gauge_emul_driver_api.static.*)))
                0x0000000010009f40                _fuel_gauge_emul_driver_api_list_end = .

emul_sensor_driver_api_area
                0x0000000010009f40        0x0
                0x0000000010009f40                _emul_sensor_driver_api_list_start = .
 *(SORT_BY_NAME(SORT_BY_ALIGNMENT(._emul_sensor_driver_api.static.*)))
                0x0000000010009f40                _emul_sensor_driver_api_list_end = .

entropy_driver_api_area
                0x0000000010009f40        0x0
                0x0000000010009f40                _entropy_driver_api_list_start = .
 *(SORT_BY_NAME(SORT_BY_ALIGNMENT(._entropy_driver_api.static.*)))
                0x0000000010009f40                _entropy_driver_api_list_end = .

espi_driver_api_area
                0x0000000010009f40        0x0
                0x0000000010009f40                _espi_driver_api_list_start = .
 *(SORT_BY_NAME(SORT_BY_ALIGNMENT(._espi_driver_api.static.*)))
                0x0000000010009f40                _espi_driver_api_list_end = .

espi_saf_driver_api_area
                0x0000000010009f40        0x0
                0x0000000010009f40                _espi_saf_driver_api_list_start = .
 *(SORT_BY_NAME(SORT_BY_ALIGNMENT(._espi_saf_driver_api.static.*)))
                0x0000000010009f40                _espi_saf_driver_api_list_end = .

flash_driver_api_area
                0x0000000010009f40        0x0
                0x0000000010009f40                _flash_driver_api_list_start = .
 *(SORT_BY_NAME(SORT_BY_ALIGNMENT(._flash_driver_api.static.*)))
                0x0000000010009f40                _flash_driver_api_list_end = .

fpga_driver_api_area
                0x0000000010009f40        0x0
                0x0000000010009f40                _fpga_driver_api_list_start = .
 *(SORT_BY_NAME(SORT_BY_ALIGNMENT(._fpga_driver_api.static.*)))
                0x0000000010009f40                _fpga_driver_api_list_end = .

fuel_gauge_driver_api_area
                0x0000000010009f40        0x0
                0x0000000010009f40                _fuel_gauge_driver_api_list_start = .
 *(SORT_BY_NAME(SORT_BY_ALIGNMENT(._fuel_gauge_driver_api.static.*)))
                0x0000000010009f40                _fuel_gauge_driver_api_list_end = .

gnss_driver_api_area
                0x0000000010009f40        0x0
                0x0000000010009f40                _gnss_driver_api_list_start = .
 *(SORT_BY_NAME(SORT_BY_ALIGNMENT(._gnss_driver_api.static.*)))
                0x0000000010009f40                _gnss_driver_api_list_end = .

haptics_driver_api_area
                0x0000000010009f40        0x0
                0x0000000010009f40                _haptics_driver_api_list_start = .
 *(SORT_BY_NAME(SORT_BY_ALIGNMENT(._haptics_driver_api.static.*)))
                0x0000000010009f40                _haptics_driver_api_list_end = .

hwspinlock_driver_api_area
                0x0000000010009f40        0x0
                0x0000000010009f40                _hwspinlock_driver_api_list_start = .
 *(SORT_BY_NAME(SORT_BY_ALIGNMENT(._hwspinlock_driver_api.static.*)))
                0x0000000010009f40                _hwspinlock_driver_api_list_end = .

i2c_driver_api_area
                0x0000000010009f40        0x0
                0x0000000010009f40                _i2c_driver_api_list_start = .
 *(SORT_BY_NAME(SORT_BY_ALIGNMENT(._i2c_driver_api.static.*)))
                0x0000000010009f40                _i2c_driver_api_list_end = .

i2c_target_driver_api_area
                0x0000000010009f40        0x0
                0x0000000010009f40                _i2c_target_driver_api_list_start = .
 *(SORT_BY_NAME(SORT_BY_ALIGNMENT(._i2c_target_driver_api.static.*)))
                0x0000000010009f40                _i2c_target_driver_api_list_end = .

i2s_driver_api_area
                0x0000000010009f40        0x0
                0x0000000010009f40                _i2s_driver_api_list_start = .
 *(SORT_BY_NAME(SORT_BY_ALIGNMENT(._i2s_driver_api.static.*)))
                0x0000000010009f40                _i2s_driver_api_list_end = .

i3c_driver_api_area
                0x0000000010009f40        0x0
                0x0000000010009f40                _i3c_driver_api_list_start = .
 *(SORT_BY_NAME(SORT_BY_ALIGNMENT(._i3c_driver_api.static.*)))
                0x0000000010009f40                _i3c_driver_api_list_end = .

ipm_driver_api_area
                0x0000000010009f40        0x0
                0x0000000010009f40                _ipm_driver_api_list_start = .
 *(SORT_BY_NAME(SORT_BY_ALIGNMENT(._ipm_driver_api.static.*)))
                0x0000000010009f40                _ipm_driver_api_list_end = .

led_driver_api_area
                0x0000000010009f40        0x0
                0x0000000010009f40                _led_driver_api_list_start = .
 *(SORT_BY_NAME(SORT_BY_ALIGNMENT(._led_driver_api.static.*)))
                0x0000000010009f40                _led_driver_api_list_end = .

led_strip_driver_api_area
                0x0000000010009f40        0x0
                0x0000000010009f40                _led_strip_driver_api_list_start = .
 *(SORT_BY_NAME(SORT_BY_ALIGNMENT(._led_strip_driver_api.static.*)))
                0x0000000010009f40                _led_strip_driver_api_list_end = .

lora_driver_api_area
                0x0000000010009f40        0x0
                0x0000000010009f40                _lora_driver_api_list_start = .
 *(SORT_BY_NAME(SORT_BY_ALIGNMENT(._lora_driver_api.static.*)))
                0x0000000010009f40                _lora_driver_api_list_end = .

mbox_driver_api_area
                0x0000000010009f40        0x0
                0x0000000010009f40                _mbox_driver_api_list_start = .
 *(SORT_BY_NAME(SORT_BY_ALIGNMENT(._mbox_driver_api.static.*)))
                0x0000000010009f40                _mbox_driver_api_list_end = .

mdio_driver_api_area
                0x0000000010009f40        0x0
                0x0000000010009f40                _mdio_driver_api_list_start = .
 *(SORT_BY_NAME(SORT_BY_ALIGNMENT(._mdio_driver_api.static.*)))
                0x0000000010009f40                _mdio_driver_api_list_end = .

mipi_dbi_driver_api_area
                0x0000000010009f40        0x0
                0x0000000010009f40                _mipi_dbi_driver_api_list_start = .
 *(SORT_BY_NAME(SORT_BY_ALIGNMENT(._mipi_dbi_driver_api.static.*)))
                0x0000000010009f40                _mipi_dbi_driver_api_list_end = .

mipi_dsi_driver_api_area
                0x0000000010009f40        0x0
                0x0000000010009f40                _mipi_dsi_driver_api_list_start = .
 *(SORT_BY_NAME(SORT_BY_ALIGNMENT(._mipi_dsi_driver_api.static.*)))
                0x0000000010009f40                _mipi_dsi_driver_api_list_end = .
